"../../../Engine/Plugins/Animation/ACLPlugin/Content/ACLAnimCurveCompressionSettings.uasset" 0
"../../../Engine/Plugins/Animation/ACLPlugin/Content/ACLAnimCurveCompressionSettings.uexp" 1
"../../../Engine/Plugins/Animation/ACLPlugin/Content/ACLAnimBoneCompressionSettings.uasset" 2
"../../../Engine/Plugins/Animation/ACLPlugin/Content/ACLAnimBoneCompressionSettings.uexp" 3
"../../../Engine/Plugins/2D/Paper2D/Content/PlaceholderTextures/DummySpriteTexture.ubulk" 4
"../../../Engine/Plugins/2D/Paper2D/Content/PlaceholderTextures/DummySpriteTexture.uasset" 5
"../../../Engine/Plugins/2D/Paper2D/Content/PlaceholderTextures/DummySpriteTexture.uexp" 6
"../../../Engine/Plugins/2D/Paper2D/Content/DummySprite.uasset" 7
"../../../Engine/Plugins/2D/Paper2D/Content/DummySprite.uexp" 8
"../../../Engine/Plugins/2D/Paper2D/Content/DefaultPaperTerrainMaterial.uasset" 9
"../../../Engine/Plugins/2D/Paper2D/Content/DefaultPaperTerrainMaterial.uexp" 10
"../../../Engine/Content/Animation/DefaultVariableFrameStrippingSettings.uasset" 11
"../../../Engine/Content/Animation/DefaultVariableFrameStrippingSettings.uexp" 12
"../../../Engine/Content/Animation/DefaultRecorderBoneCompression.uasset" 13
"../../../Engine/Content/Animation/DefaultRecorderBoneCompression.uexp" 14
"../../../Engine/Plugins/Animation/ControlRig/Content/Controls/DefaultGizmoLibraryNormalized.uasset" 15
"../../../Engine/Plugins/Animation/ControlRig/Content/Controls/DefaultGizmoLibraryNormalized.uexp" 16
"../../../Engine/Content/EngineSounds/Master.uasset" 17
"../../../Engine/Content/EngineSounds/Master.uexp" 18
"../../../Engine/Content/EngineMaterials/DefaultPhysicalMaterial.uasset" 19
"../../../Engine/Content/EngineMaterials/DefaultPhysicalMaterial.uexp" 20
"../../../Engine/Content/EngineMaterials/DefaultDestructiblePhysicalMaterial.uasset" 21
"../../../Engine/Content/EngineMaterials/DefaultDestructiblePhysicalMaterial.uexp" 22
"../../../Engine/Content/EngineFonts/Faces/DroidSansFallback.uexp" 23
"../../../Engine/Content/EngineFonts/Faces/DroidSansFallback.uasset" 24
"../../../Engine/Content/EngineFonts/Faces/DroidSansFallback.ufont" 25
"../../../Engine/Content/EngineFonts/Faces/RobotoBold.uexp" 26
"../../../Engine/Content/EngineFonts/Faces/RobotoBold.uasset" 27
"../../../Engine/Content/EngineFonts/Faces/RobotoBold.ufont" 28
"../../../Engine/Content/EngineFonts/Faces/RobotoBoldItalic.uexp" 29
"../../../Engine/Content/EngineFonts/Faces/RobotoBoldItalic.uasset" 30
"../../../Engine/Content/EngineFonts/Faces/RobotoBoldItalic.ufont" 31
"../../../Engine/Content/EngineFonts/Faces/RobotoItalic.uexp" 32
"../../../Engine/Content/EngineFonts/Faces/RobotoItalic.uasset" 33
"../../../Engine/Content/EngineFonts/Faces/RobotoItalic.ufont" 34
"../../../Engine/Content/EngineFonts/Faces/RobotoLight.uexp" 35
"../../../Engine/Content/EngineFonts/Faces/RobotoLight.uasset" 36
"../../../Engine/Content/EngineFonts/Faces/RobotoLight.ufont" 37
"../../../Engine/Content/EngineFonts/Faces/RobotoRegular.uexp" 38
"../../../Engine/Content/EngineFonts/Faces/RobotoRegular.uasset" 39
"../../../Engine/Content/EngineFonts/Faces/RobotoRegular.ufont" 40
"../../../Engine/Content/EngineFonts/Roboto.uasset" 41
"../../../Engine/Content/EngineFonts/Roboto.uexp" 42
"../../../Engine/Content/EngineFonts/Faces/DroidSansMono.uexp" 43
"../../../Engine/Content/EngineFonts/Faces/DroidSansMono.uasset" 44
"../../../Engine/Content/EngineFonts/Faces/DroidSansMono.ufont" 45
"../../../Engine/Content/EngineFonts/DroidSansMono.uasset" 46
"../../../Engine/Content/EngineFonts/DroidSansMono.uexp" 47
"../../../Engine/Plugins/Interchange/Runtime/Content/Pipelines/DefaultTexturePipeline.uasset" 48
"../../../Engine/Plugins/Interchange/Runtime/Content/Pipelines/DefaultTexturePipeline.uexp" 49
"../../../Engine/Plugins/Interchange/Runtime/Content/Pipelines/DefaultSceneLevelPipeline.uasset" 50
"../../../Engine/Plugins/Interchange/Runtime/Content/Pipelines/DefaultSceneLevelPipeline.uexp" 51
"../../../Engine/Plugins/Interchange/Runtime/Content/Pipelines/DefaultSceneAssetsPipeline.uasset" 52
"../../../Engine/Plugins/Interchange/Runtime/Content/Pipelines/DefaultSceneAssetsPipeline.uexp" 53
"../../../Engine/Plugins/Interchange/Runtime/Content/Pipelines/DefaultMaterialXPipeline.uasset" 54
"../../../Engine/Plugins/Interchange/Runtime/Content/Pipelines/DefaultMaterialXPipeline.uexp" 55
"../../../Engine/Plugins/Interchange/Runtime/Content/Pipelines/DefaultMaterialPipeline.uasset" 56
"../../../Engine/Plugins/Interchange/Runtime/Content/Pipelines/DefaultMaterialPipeline.uexp" 57
"../../../Engine/Plugins/Interchange/Runtime/Content/Pipelines/DefaultGLTFSceneAssetsPipeline.uasset" 58
"../../../Engine/Plugins/Interchange/Runtime/Content/Pipelines/DefaultGLTFSceneAssetsPipeline.uexp" 59
"../../../Engine/Plugins/Interchange/Runtime/Content/Pipelines/DefaultGLTFPipeline.uasset" 60
"../../../Engine/Plugins/Interchange/Runtime/Content/Pipelines/DefaultGLTFPipeline.uexp" 61
"../../../Engine/Plugins/Interchange/Runtime/Content/Pipelines/DefaultGLTFAssetsPipeline.uasset" 62
"../../../Engine/Plugins/Interchange/Runtime/Content/Pipelines/DefaultGLTFAssetsPipeline.uexp" 63
"../../../Engine/Plugins/Interchange/Runtime/Content/Pipelines/DefaultAssetsPipeline.uasset" 64
"../../../Engine/Plugins/Interchange/Runtime/Content/Pipelines/DefaultAssetsPipeline.uexp" 65
"../../../Engine/Content/EngineResources/GradientTexture0.uasset" 66
"../../../Engine/Content/EngineResources/GradientTexture0.uexp" 67
"../../../Engine/Content/EditorResources/S_Actor.ubulk" 68
"../../../Engine/Content/EditorResources/S_Actor.uasset" 69
"../../../Engine/Content/EditorResources/S_Actor.uexp" 70
"../../../Engine/Content/EditorResources/S_Trigger.ubulk" 71
"../../../Engine/Content/EditorResources/S_Trigger.uasset" 72
"../../../Engine/Content/EditorResources/S_Trigger.uexp" 73
"../../../Engine/Content/EditorResources/S_BoxReflectionCapture.uasset" 74
"../../../Engine/Content/EditorResources/S_BoxReflectionCapture.uexp" 75
"../../../Engine/Content/EngineResources/DefaultTexture.ubulk" 76
"../../../Engine/Content/EngineResources/DefaultTexture.uasset" 77
"../../../Engine/Content/EngineResources/DefaultTexture.uexp" 78
"../../../Engine/Content/EditorResources/S_TriggerBox.uasset" 79
"../../../Engine/Content/EditorResources/S_TriggerBox.uexp" 80
"../../../Engine/Content/EditorResources/S_TriggerCapsule.uasset" 81
"../../../Engine/Content/EditorResources/S_TriggerCapsule.uexp" 82
"../../../Engine/Content/EditorResources/S_TriggerSphere.uasset" 83
"../../../Engine/Content/EditorResources/S_TriggerSphere.uexp" 84
"../../../Engine/Content/EngineMeshes/Sphere.ubulk" 85
"../../../Engine/Content/EngineMeshes/Sphere.uasset" 86
"../../../Engine/Content/EngineMeshes/Sphere.uexp" 87
"../../../Engine/Content/EngineResources/DefaultTextureCube.uasset" 88
"../../../Engine/Content/EngineResources/DefaultTextureCube.uexp" 89
"../../../Engine/Content/EngineResources/DefaultVolumeTexture2D.uasset" 90
"../../../Engine/Content/EngineResources/DefaultVolumeTexture2D.uexp" 91
"../../../Engine/Content/EngineResources/DefaultVolumeTexture.uasset" 92
"../../../Engine/Content/EngineResources/DefaultVolumeTexture.uexp" 93
"../../../Engine/Content/VREditor/TransformGizmo/Xray.uasset" 94
"../../../Engine/Content/VREditor/TransformGizmo/Xray.uexp" 95
"../../../Engine/Content/VREditor/TransformGizmo/Main.uasset" 96
"../../../Engine/Content/VREditor/TransformGizmo/Main.uexp" 97
"../../../Engine/Content/VREditor/TransformGizmo/SM_Sequencer_Node.ubulk" 98
"../../../Engine/Content/VREditor/TransformGizmo/SM_Sequencer_Node.uasset" 99
"../../../Engine/Content/VREditor/TransformGizmo/SM_Sequencer_Node.uexp" 100
"../../../Engine/Content/EditorResources/S_Solver.ubulk" 101
"../../../Engine/Content/EditorResources/S_Solver.uasset" 102
"../../../Engine/Content/EditorResources/S_Solver.uexp" 103
"../../../Engine/Content/EditorMaterials/Camera/CineMat.uasset" 104
"../../../Engine/Content/EditorMaterials/Camera/CineMat.uexp" 105
"../../../Engine/Content/EditorMaterials/Camera/MI_CineMat_Rig.uasset" 106
"../../../Engine/Content/EditorMaterials/Camera/MI_CineMat_Rig.uexp" 107
"../../../Engine/Content/EditorMeshes/Camera/SM_CraneRig_Base.ubulk" 108
"../../../Engine/Content/EditorMeshes/Camera/SM_CraneRig_Base.uasset" 109
"../../../Engine/Content/EditorMeshes/Camera/SM_CraneRig_Base.uexp" 110
"../../../Engine/Content/EditorMeshes/Camera/SM_CraneRig_Arm.ubulk" 111
"../../../Engine/Content/EditorMeshes/Camera/SM_CraneRig_Arm.uasset" 112
"../../../Engine/Content/EditorMeshes/Camera/SM_CraneRig_Arm.uexp" 113
"../../../Engine/Content/EditorMeshes/Camera/SM_CraneRig_Mount.ubulk" 114
"../../../Engine/Content/EditorMeshes/Camera/SM_CraneRig_Mount.uasset" 115
"../../../Engine/Content/EditorMeshes/Camera/SM_CraneRig_Mount.uexp" 116
"../../../Engine/Content/EditorMeshes/Camera/SM_CraneRig_Body.ubulk" 117
"../../../Engine/Content/EditorMeshes/Camera/SM_CraneRig_Body.uasset" 118
"../../../Engine/Content/EditorMeshes/Camera/SM_CraneRig_Body.uexp" 119
"../../../Engine/Plugins/2D/Paper2D/Content/DefaultSpriteMaterial.uasset" 120
"../../../Engine/Plugins/2D/Paper2D/Content/DefaultSpriteMaterial.uexp" 121
"../../../Engine/Plugins/2D/Paper2D/Content/OpaqueUnlitSpriteMaterial.uasset" 122
"../../../Engine/Plugins/2D/Paper2D/Content/OpaqueUnlitSpriteMaterial.uexp" 123
"../../../Engine/Plugins/2D/Paper2D/Content/MaskedUnlitSpriteMaterial.uasset" 124
"../../../Engine/Plugins/2D/Paper2D/Content/MaskedUnlitSpriteMaterial.uexp" 125
"../../../Engine/Plugins/NNE/NNEDenoiser/Content/NNE_oidn2-3-0_rt_hdr_calb_cnrm_large__dyn__fp16_opset11_ForwardAlpha.uasset" 126
"../../../Engine/Plugins/NNE/NNEDenoiser/Content/NNE_oidn2-3-0_rt_hdr_calb_cnrm_large__dyn__fp16_opset11_ForwardAlpha.uexp" 127
"../../../Engine/Plugins/NNE/NNEDenoiser/Content/NNE_oidn2-3-0_rt_hdr_calb_cnrm_large__dyn__fp16_opset11_DenoiseAlpha.uasset" 128
"../../../Engine/Plugins/NNE/NNEDenoiser/Content/NNE_oidn2-3-0_rt_hdr_calb_cnrm_large__dyn__fp16_opset11_DenoiseAlpha.uexp" 129
"../../../Engine/Plugins/NNE/NNEDenoiser/Content/NNE_oidn2-3-0_rt_hdr_alb_nrm__dyn__fp16_opset11_ForwardAlpha.uasset" 130
"../../../Engine/Plugins/NNE/NNEDenoiser/Content/NNE_oidn2-3-0_rt_hdr_alb_nrm__dyn__fp16_opset11_ForwardAlpha.uexp" 131
"../../../Engine/Plugins/NNE/NNEDenoiser/Content/NNE_oidn2-3-0_rt_hdr_alb_nrm__dyn__fp16_opset11_DenoiseAlpha.uasset" 132
"../../../Engine/Plugins/NNE/NNEDenoiser/Content/NNE_oidn2-3-0_rt_hdr_alb_nrm__dyn__fp16_opset11_DenoiseAlpha.uexp" 133
"../../../Engine/Plugins/NNE/NNEDenoiser/Content/NNE_oidn2-3-0_rt_hdr_alb_nrm_small__dyn__fp16_opset11_ForwardAlpha.uasset" 134
"../../../Engine/Plugins/NNE/NNEDenoiser/Content/NNE_oidn2-3-0_rt_hdr_alb_nrm_small__dyn__fp16_opset11_ForwardAlpha.uexp" 135
"../../../Engine/Plugins/NNE/NNEDenoiser/Content/NNE_oidn2-3-0_rt_hdr_alb_nrm_small__dyn__fp16_opset11_DenoiseAlpha.uasset" 136
"../../../Engine/Plugins/NNE/NNEDenoiser/Content/NNE_oidn2-3-0_rt_hdr_alb_nrm_small__dyn__fp16_opset11_DenoiseAlpha.uexp" 137
"../../../Engine/Plugins/NNE/NNEDenoiser/Content/NNEDTOM_Output_Default.uasset" 138
"../../../Engine/Plugins/NNE/NNEDenoiser/Content/NNEDTOM_Output_Default.uexp" 139
"../../../Engine/Plugins/NNE/NNEDenoiser/Content/NNEDTOM_Output_Alpha.uasset" 140
"../../../Engine/Plugins/NNE/NNEDenoiser/Content/NNEDTOM_Output_Alpha.uexp" 141
"../../../Engine/Plugins/NNE/NNEDenoiser/Content/NNEDTIM_ColorAlbedoNormal_Default.uasset" 142
"../../../Engine/Plugins/NNE/NNEDenoiser/Content/NNEDTIM_ColorAlbedoNormal_Default.uexp" 143
"../../../Engine/Plugins/NNE/NNEDenoiser/Content/NNEDTIM_ColorAlbedoNormal_Alpha.uasset" 144
"../../../Engine/Plugins/NNE/NNEDenoiser/Content/NNEDTIM_ColorAlbedoNormal_Alpha.uexp" 145
"../../../Engine/Plugins/NNE/NNEDenoiser/Content/NNEDOM_Output_Default.uasset" 146
"../../../Engine/Plugins/NNE/NNEDenoiser/Content/NNEDOM_Output_Default.uexp" 147
"../../../Engine/Plugins/NNE/NNEDenoiser/Content/NNEDOM_Output_Alpha.uasset" 148
"../../../Engine/Plugins/NNE/NNEDenoiser/Content/NNEDOM_Output_Alpha.uexp" 149
"../../../Engine/Plugins/NNE/NNEDenoiser/Content/NNEDIM_HighQuality_Default.uasset" 150
"../../../Engine/Plugins/NNE/NNEDenoiser/Content/NNEDIM_HighQuality_Default.uexp" 151
"../../../Engine/Plugins/NNE/NNEDenoiser/Content/NNEDIM_HighQuality_Alpha.uasset" 152
"../../../Engine/Plugins/NNE/NNEDenoiser/Content/NNEDIM_HighQuality_Alpha.uexp" 153
"../../../Engine/Plugins/NNE/NNEDenoiser/Content/NNEDIM_ColorAlbedoNormal_Default.uasset" 154
"../../../Engine/Plugins/NNE/NNEDenoiser/Content/NNEDIM_ColorAlbedoNormal_Default.uexp" 155
"../../../Engine/Plugins/NNE/NNEDenoiser/Content/NNEDIM_ColorAlbedoNormal_Alpha.uasset" 156
"../../../Engine/Plugins/NNE/NNEDenoiser/Content/NNEDIM_ColorAlbedoNormal_Alpha.uexp" 157
"../../../Engine/Content/EngineMaterials/T_Default_Material_Grid_M.ubulk" 158
"../../../Engine/Content/EngineMaterials/T_Default_Material_Grid_M.uasset" 159
"../../../Engine/Content/EngineMaterials/T_Default_Material_Grid_M.uexp" 160
"../../../Engine/Content/Functions/Engine_MaterialFunctions01/Opacity/CameraDepthFade.uasset" 161
"../../../Engine/Content/Functions/Engine_MaterialFunctions01/Opacity/CameraDepthFade.uexp" 162
"../../../Engine/Content/EngineMaterials/T_Default_Material_Grid_N.ubulk" 163
"../../../Engine/Content/EngineMaterials/T_Default_Material_Grid_N.uasset" 164
"../../../Engine/Content/EngineMaterials/T_Default_Material_Grid_N.uexp" 165
"../../../Engine/Content/EngineMaterials/WorldGridMaterial.uasset" 166
"../../../Engine/Content/EngineMaterials/WorldGridMaterial.uexp" 167
"../../../Engine/Plugins/Media/MediaPlate/Content/SM_MediaPlateScreen.ubulk" 168
"../../../Engine/Plugins/Media/MediaPlate/Content/SM_MediaPlateScreen.uasset" 169
"../../../Engine/Plugins/Media/MediaPlate/Content/SM_MediaPlateScreen.uexp" 170
"../../../Engine/Content/Functions/Engine_MaterialFunctions02/WorldPositionOffset/CameraOffset.uasset" 171
"../../../Engine/Content/Functions/Engine_MaterialFunctions02/WorldPositionOffset/CameraOffset.uexp" 172
"../../../Engine/Plugins/Animation/ControlRig/Content/M_Manip.uasset" 173
"../../../Engine/Plugins/Animation/ControlRig/Content/M_Manip.uexp" 174
"../../../Engine/Content/EditorMaterials/PreviewShadowIndicator.ubulk" 175
"../../../Engine/Content/EditorMaterials/PreviewShadowIndicator.uasset" 176
"../../../Engine/Content/EditorMaterials/PreviewShadowIndicator.uexp" 177
"../../../Engine/Content/EditorMaterials/PreviewShadowIndicatorMaterial.uasset" 178
"../../../Engine/Content/EditorMaterials/PreviewShadowIndicatorMaterial.uexp" 179
"../../../Engine/Content/EditorMaterials/PhAT_UnselectedMaterial.uasset" 180
"../../../Engine/Content/EditorMaterials/PhAT_UnselectedMaterial.uexp" 181
"../../../Engine/Content/EditorMaterials/PhAT_NoCollisionMaterial.uasset" 182
"../../../Engine/Content/EditorMaterials/PhAT_NoCollisionMaterial.uexp" 183
"../../../Engine/Content/EditorLandscapeResources/SplineEditorMeshMat.uasset" 184
"../../../Engine/Content/EditorLandscapeResources/SplineEditorMeshMat.uexp" 185
"../../../Engine/Content/EditorLandscapeResources/SplineEditorMesh.ubulk" 186
"../../../Engine/Content/EditorLandscapeResources/SplineEditorMesh.uasset" 187
"../../../Engine/Content/EditorLandscapeResources/SplineEditorMesh.uexp" 188
"../../../Engine/Content/EditorLandscapeResources/WhiteSquareTexture.uasset" 189
"../../../Engine/Content/EditorLandscapeResources/WhiteSquareTexture.uexp" 190
"../../../Engine/Content/EditorLandscapeResources/DefaultAlphaTexture.uasset" 191
"../../../Engine/Content/EditorLandscapeResources/DefaultAlphaTexture.uexp" 192
"../../../Engine/Content/Functions/Engine_MaterialFunctions03/Math/WithinRangeFloat2.uasset" 193
"../../../Engine/Content/Functions/Engine_MaterialFunctions03/Math/WithinRangeFloat2.uexp" 194
"../../../Engine/Content/EditorLandscapeResources/SelectBrushMaterial.uasset" 195
"../../../Engine/Content/EditorLandscapeResources/SelectBrushMaterial.uexp" 196
"../../../Engine/Content/EditorLandscapeResources/SelectBrushMaterial_SelectedRegion.uasset" 197
"../../../Engine/Content/EditorLandscapeResources/SelectBrushMaterial_SelectedRegion.uexp" 198
"../../../Engine/Content/EditorLandscapeResources/SelectBrushMaterial_Selected.uasset" 199
"../../../Engine/Content/EditorLandscapeResources/SelectBrushMaterial_Selected.uexp" 200
"../../../Engine/Content/Functions/Engine_MaterialFunctions02/Utility/MakeFloat3.uasset" 201
"../../../Engine/Content/Functions/Engine_MaterialFunctions02/Utility/MakeFloat3.uexp" 202
"../../../Engine/Content/EditorLandscapeResources/MaskBrushMaterial.uasset" 203
"../../../Engine/Content/EditorLandscapeResources/MaskBrushMaterial.uexp" 204
"../../../Engine/Content/EditorLandscapeResources/MaskBrushMaterial_MaskedRegion.uasset" 205
"../../../Engine/Content/EditorLandscapeResources/MaskBrushMaterial_MaskedRegion.uexp" 206
"../../../Engine/Content/EditorLandscapeResources/LayerVisMaterial.uasset" 207
"../../../Engine/Content/EditorLandscapeResources/LayerVisMaterial.uexp" 208
"../../../Engine/Content/Functions/Engine_MaterialFunctions02/Utility/BreakOutFloat2Components.uasset" 209
"../../../Engine/Content/Functions/Engine_MaterialFunctions02/Utility/BreakOutFloat2Components.uexp" 210
"../../../Engine/Content/Functions/Engine_MaterialFunctions01/Texturing/ScaleUVsByCenter.uasset" 211
"../../../Engine/Content/Functions/Engine_MaterialFunctions01/Texturing/ScaleUVsByCenter.uexp" 212
"../../../Engine/Content/Functions/Engine_MaterialFunctions02/WorldPositionOffset/LocalPosition.uasset" 213
"../../../Engine/Content/Functions/Engine_MaterialFunctions02/WorldPositionOffset/LocalPosition.uexp" 214
"../../../Engine/Content/EngineMaterials/DefaultDiffuse.ubulk" 215
"../../../Engine/Content/EngineMaterials/DefaultDiffuse.uasset" 216
"../../../Engine/Content/EngineMaterials/DefaultDiffuse.uexp" 217
"../../../Engine/Content/Functions/Engine_MaterialFunctions01/Texturing/TextureCropping.uasset" 218
"../../../Engine/Content/Functions/Engine_MaterialFunctions01/Texturing/TextureCropping.uexp" 219
"../../../Engine/Content/Functions/Engine_MaterialFunctions02/ExampleContent/DebugNumberStrip.uasset" 220
"../../../Engine/Content/Functions/Engine_MaterialFunctions02/ExampleContent/DebugNumberStrip.uexp" 221
"../../../Engine/Content/Functions/Engine_MaterialFunctions01/Debug/DebugIntValues.uasset" 222
"../../../Engine/Content/Functions/Engine_MaterialFunctions01/Debug/DebugIntValues.uexp" 223
"../../../Engine/Content/EditorLandscapeResources/LandscapeLayerUsageMaterial.uasset" 224
"../../../Engine/Content/EditorLandscapeResources/LandscapeLayerUsageMaterial.uexp" 225
"../../../Engine/Content/EditorLandscapeResources/LandscapeDirtyMaterial.uasset" 226
"../../../Engine/Content/EditorLandscapeResources/LandscapeDirtyMaterial.uexp" 227
"../../../Engine/Content/EditorLandscapeResources/ColorMaskBrushMaterial.uasset" 228
"../../../Engine/Content/EditorLandscapeResources/ColorMaskBrushMaterial.uexp" 229
"../../../Engine/Content/EditorLandscapeResources/ColorMaskBrushMaterial_MaskedRegion.uasset" 230
"../../../Engine/Content/EditorLandscapeResources/ColorMaskBrushMaterial_MaskedRegion.uexp" 231
"../../../Engine/Content/BasicShapes/Plane.ubulk" 232
"../../../Engine/Content/BasicShapes/Plane.uasset" 233
"../../../Engine/Content/BasicShapes/Plane.uexp" 234
"../../../Engine/Content/EngineMaterials/DefaultMaterial.uasset" 235
"../../../Engine/Content/EngineMaterials/DefaultMaterial.uexp" 236
"../../../Engine/Content/BasicShapes/Cylinder.ubulk" 237
"../../../Engine/Content/BasicShapes/Cylinder.uasset" 238
"../../../Engine/Content/BasicShapes/Cylinder.uexp" 239
"../../../Engine/Content/BasicShapes/Cube.ubulk" 240
"../../../Engine/Content/BasicShapes/Cube.uasset" 241
"../../../Engine/Content/BasicShapes/Cube.uexp" 242
"../../../Engine/Content/BasicShapes/Cone.ubulk" 243
"../../../Engine/Content/BasicShapes/Cone.uasset" 244
"../../../Engine/Content/BasicShapes/Cone.uexp" 245
"../../../Engine/Content/Functions/Engine_MaterialFunctions02/HueShift.uasset" 246
"../../../Engine/Content/Functions/Engine_MaterialFunctions02/HueShift.uexp" 247
"../../../Engine/Content/EngineResources/WhiteSquareTexture.uasset" 248
"../../../Engine/Content/EngineResources/WhiteSquareTexture.uexp" 249
"../../../Engine/Content/Functions/Engine_MaterialFunctions01/Texturing/FlattenNormal.uasset" 250
"../../../Engine/Content/Functions/Engine_MaterialFunctions01/Texturing/FlattenNormal.uexp" 251
"../../../Engine/Content/ArtTools/RenderToTexture/Textures/127grey.uasset" 252
"../../../Engine/Content/ArtTools/RenderToTexture/Textures/127grey.uexp" 253
"../../../Engine/Content/Functions/Engine_MaterialFunctions02/Texturing/CustomRotator.uasset" 254
"../../../Engine/Content/Functions/Engine_MaterialFunctions02/Texturing/CustomRotator.uexp" 255
"../../../Engine/Plugins/Enterprise/DatasmithContent/Content/Materials/TileMirrorAxis.uasset" 256
"../../../Engine/Plugins/Enterprise/DatasmithContent/Content/Materials/TileMirrorAxis.uexp" 257
"../../../Engine/Plugins/Enterprise/DatasmithContent/Content/Materials/UVEdit.uasset" 258
"../../../Engine/Plugins/Enterprise/DatasmithContent/Content/Materials/UVEdit.uexp" 259
"../../../Engine/Plugins/Enterprise/DatasmithContent/Content/Materials/C4DReferenceUV.uasset" 260
"../../../Engine/Plugins/Enterprise/DatasmithContent/Content/Materials/C4DReferenceUV.uexp" 261
"../../../Engine/Content/EngineResources/Black.uasset" 262
"../../../Engine/Content/EngineResources/Black.uexp" 263
"../../../Engine/Content/EngineMaterials/T_Default_Normal.ubulk" 264
"../../../Engine/Content/EngineMaterials/T_Default_Normal.uasset" 265
"../../../Engine/Content/EngineMaterials/T_Default_Normal.uexp" 266
"../../../Engine/Plugins/Enterprise/DatasmithContent/Content/Materials/C4DReference.uasset" 267
"../../../Engine/Plugins/Enterprise/DatasmithContent/Content/Materials/C4DReference.uexp" 268
"../../../Engine/Content/Functions/Engine_MaterialFunctions02/Utility/VectorLength.uasset" 269
"../../../Engine/Content/Functions/Engine_MaterialFunctions02/Utility/VectorLength.uexp" 270
"../../../Engine/Content/Functions/Engine_MaterialFunctions02/Utility/BreakOutFloat3Components.uasset" 271
"../../../Engine/Content/Functions/Engine_MaterialFunctions02/Utility/BreakOutFloat3Components.uexp" 272
"../../../Engine/Content/Functions/Engine_MaterialFunctions02/WorldPositionOffset/ObjectScale.uasset" 273
"../../../Engine/Content/Functions/Engine_MaterialFunctions02/WorldPositionOffset/ObjectScale.uexp" 274
"../../../Engine/Content/Functions/Engine_MaterialFunctions02/SafeNormalize.uasset" 275
"../../../Engine/Content/Functions/Engine_MaterialFunctions02/SafeNormalize.uexp" 276
"../../../Engine/Plugins/Editor/SpeedTreeImporter/Content/SpeedTree9/UnpackInteger3.uasset" 277
"../../../Engine/Plugins/Editor/SpeedTreeImporter/Content/SpeedTree9/UnpackInteger3.uexp" 278
"../../../Engine/Plugins/Editor/SpeedTreeImporter/Content/SpeedTree9/UnpackDirection.uasset" 279
"../../../Engine/Plugins/Editor/SpeedTreeImporter/Content/SpeedTree9/UnpackDirection.uexp" 280
"../../../Engine/Plugins/Editor/SpeedTreeImporter/Content/SpeedTree9/game_wind_noise.ubulk" 281
"../../../Engine/Plugins/Editor/SpeedTreeImporter/Content/SpeedTree9/game_wind_noise.uasset" 282
"../../../Engine/Plugins/Editor/SpeedTreeImporter/Content/SpeedTree9/game_wind_noise.uexp" 283
"../../../Engine/Plugins/Editor/SpeedTreeImporter/Content/SpeedTree9/SpeedTreeWindMotion.uasset" 284
"../../../Engine/Plugins/Editor/SpeedTreeImporter/Content/SpeedTree9/SpeedTreeWindMotion.uexp" 285
"../../../Engine/Plugins/Editor/SpeedTreeImporter/Content/SpeedTree9/SpeedTreeBranchMotion.uasset" 286
"../../../Engine/Plugins/Editor/SpeedTreeImporter/Content/SpeedTree9/SpeedTreeBranchMotion.uexp" 287
"../../../Engine/Content/Functions/Engine_MaterialFunctions02/ObjectLocalBounds.uasset" 288
"../../../Engine/Content/Functions/Engine_MaterialFunctions02/ObjectLocalBounds.uexp" 289
"../../../Engine/Content/Functions/Engine_MaterialFunctions02/UVs/BoundingBoxBased_0-1_UVW.uasset" 290
"../../../Engine/Content/Functions/Engine_MaterialFunctions02/UVs/BoundingBoxBased_0-1_UVW.uexp" 291
"../../../Engine/Plugins/Editor/SpeedTreeImporter/Content/SpeedTree9/SpeedTreeWind.uasset" 292
"../../../Engine/Plugins/Editor/SpeedTreeImporter/Content/SpeedTree9/SpeedTreeWind.uexp" 293
"../../../Engine/Plugins/Editor/SpeedTreeImporter/Content/SpeedTree9/SpeedTreeCameraFacing.uasset" 294
"../../../Engine/Plugins/Editor/SpeedTreeImporter/Content/SpeedTree9/SpeedTreeCameraFacing.uexp" 295
"../../../Engine/Plugins/Editor/SpeedTreeImporter/Content/SpeedTree9/EmptyNormal.uasset" 296
"../../../Engine/Plugins/Editor/SpeedTreeImporter/Content/SpeedTree9/EmptyNormal.uexp" 297
"../../../Engine/Plugins/Editor/SpeedTreeImporter/Content/SpeedTree9/Empty.uasset" 298
"../../../Engine/Plugins/Editor/SpeedTreeImporter/Content/SpeedTree9/Empty.uexp" 299
"../../../Engine/Plugins/Editor/SpeedTreeImporter/Content/SpeedTree9/SpeedTreeMaster.uasset" 300
"../../../Engine/Plugins/Editor/SpeedTreeImporter/Content/SpeedTree9/SpeedTreeMaster.uexp" 301
"../../../Engine/Plugins/Editor/SpeedTreeImporter/Content/SpeedTree9/SpeedTreeBillboard.uasset" 302
"../../../Engine/Plugins/Editor/SpeedTreeImporter/Content/SpeedTree9/SpeedTreeBillboard.uexp" 303
"../../../Engine/Plugins/Editor/SpeedTreeImporter/Content/SpeedTree9/SpeedTreeBillboardMaster.uasset" 304
"../../../Engine/Plugins/Editor/SpeedTreeImporter/Content/SpeedTree9/SpeedTreeBillboardMaster.uexp" 305
"../../../Engine/Plugins/Animation/ControlRig/Content/Controls/ControlRig_Wedge_solid.ubulk" 306
"../../../Engine/Plugins/Animation/ControlRig/Content/Controls/ControlRig_Wedge_solid.uasset" 307
"../../../Engine/Plugins/Animation/ControlRig/Content/Controls/ControlRig_Wedge_solid.uexp" 308
"../../../Engine/Plugins/Animation/ControlRig/Content/Controls/ControlRig_Wedge_3mm.ubulk" 309
"../../../Engine/Plugins/Animation/ControlRig/Content/Controls/ControlRig_Wedge_3mm.uasset" 310
"../../../Engine/Plugins/Animation/ControlRig/Content/Controls/ControlRig_Wedge_3mm.uexp" 311
"../../../Engine/Plugins/Animation/ControlRig/Content/Controls/ControlRig_Wedge_1mm.ubulk" 312
"../../../Engine/Plugins/Animation/ControlRig/Content/Controls/ControlRig_Wedge_1mm.uasset" 313
"../../../Engine/Plugins/Animation/ControlRig/Content/Controls/ControlRig_Wedge_1mm.uexp" 314
"../../../Engine/Plugins/Animation/ControlRig/Content/Controls/ControlRig_Triangle_solid.ubulk" 315
"../../../Engine/Plugins/Animation/ControlRig/Content/Controls/ControlRig_Triangle_solid.uasset" 316
"../../../Engine/Plugins/Animation/ControlRig/Content/Controls/ControlRig_Triangle_solid.uexp" 317
"../../../Engine/Plugins/Animation/ControlRig/Content/Controls/ControlRig_Triangle_3mm.ubulk" 318
"../../../Engine/Plugins/Animation/ControlRig/Content/Controls/ControlRig_Triangle_3mm.uasset" 319
"../../../Engine/Plugins/Animation/ControlRig/Content/Controls/ControlRig_Triangle_3mm.uexp" 320
"../../../Engine/Plugins/Animation/ControlRig/Content/Controls/ControlRig_Triangle_1mm.ubulk" 321
"../../../Engine/Plugins/Animation/ControlRig/Content/Controls/ControlRig_Triangle_1mm.uasset" 322
"../../../Engine/Plugins/Animation/ControlRig/Content/Controls/ControlRig_Triangle_1mm.uexp" 323
"../../../Engine/Plugins/Animation/ControlRig/Content/Controls/ControlRig_Star4_solid.ubulk" 324
"../../../Engine/Plugins/Animation/ControlRig/Content/Controls/ControlRig_Star4_solid.uasset" 325
"../../../Engine/Plugins/Animation/ControlRig/Content/Controls/ControlRig_Star4_solid.uexp" 326
"../../../Engine/Plugins/Animation/ControlRig/Content/Controls/ControlRig_Star4_3mm.ubulk" 327
"../../../Engine/Plugins/Animation/ControlRig/Content/Controls/ControlRig_Star4_3mm.uasset" 328
"../../../Engine/Plugins/Animation/ControlRig/Content/Controls/ControlRig_Star4_3mm.uexp" 329
"../../../Engine/Plugins/Animation/ControlRig/Content/Controls/ControlRig_Star4_1mm.ubulk" 330
"../../../Engine/Plugins/Animation/ControlRig/Content/Controls/ControlRig_Star4_1mm.uasset" 331
"../../../Engine/Plugins/Animation/ControlRig/Content/Controls/ControlRig_Star4_1mm.uexp" 332
"../../../Engine/Plugins/Animation/ControlRig/Content/Controls/ControlRig_Square_solid.ubulk" 333
"../../../Engine/Plugins/Animation/ControlRig/Content/Controls/ControlRig_Square_solid.uasset" 334
"../../../Engine/Plugins/Animation/ControlRig/Content/Controls/ControlRig_Square_solid.uexp" 335
"../../../Engine/Plugins/Animation/ControlRig/Content/Controls/ControlRig_Square_3mm.ubulk" 336
"../../../Engine/Plugins/Animation/ControlRig/Content/Controls/ControlRig_Square_3mm.uasset" 337
"../../../Engine/Plugins/Animation/ControlRig/Content/Controls/ControlRig_Square_3mm.uexp" 338
"../../../Engine/Plugins/Animation/ControlRig/Content/Controls/ControlRig_Square_1mm.ubulk" 339
"../../../Engine/Plugins/Animation/ControlRig/Content/Controls/ControlRig_Square_1mm.uasset" 340
"../../../Engine/Plugins/Animation/ControlRig/Content/Controls/ControlRig_Square_1mm.uexp" 341
"../../../Engine/Plugins/Animation/ControlRig/Content/Controls/ControlRig_Sphere_solid.ubulk" 342
"../../../Engine/Plugins/Animation/ControlRig/Content/Controls/ControlRig_Sphere_solid.uasset" 343
"../../../Engine/Plugins/Animation/ControlRig/Content/Controls/ControlRig_Sphere_solid.uexp" 344
"../../../Engine/Plugins/Animation/ControlRig/Content/Controls/ControlRig_Sphere_3mm.ubulk" 345
"../../../Engine/Plugins/Animation/ControlRig/Content/Controls/ControlRig_Sphere_3mm.uasset" 346
"../../../Engine/Plugins/Animation/ControlRig/Content/Controls/ControlRig_Sphere_3mm.uexp" 347
"../../../Engine/Plugins/Animation/ControlRig/Content/Controls/ControlRig_Sphere_1mm.ubulk" 348
"../../../Engine/Plugins/Animation/ControlRig/Content/Controls/ControlRig_Sphere_1mm.uasset" 349
"../../../Engine/Plugins/Animation/ControlRig/Content/Controls/ControlRig_Sphere_1mm.uexp" 350
"../../../Engine/Plugins/Animation/ControlRig/Content/Controls/ControlRig_RoundedTriangle_solid.ubulk" 351
"../../../Engine/Plugins/Animation/ControlRig/Content/Controls/ControlRig_RoundedTriangle_solid.uasset" 352
"../../../Engine/Plugins/Animation/ControlRig/Content/Controls/ControlRig_RoundedTriangle_solid.uexp" 353
"../../../Engine/Plugins/Animation/ControlRig/Content/Controls/ControlRig_RoundedTriangle_3mm.ubulk" 354
"../../../Engine/Plugins/Animation/ControlRig/Content/Controls/ControlRig_RoundedTriangle_3mm.uasset" 355
"../../../Engine/Plugins/Animation/ControlRig/Content/Controls/ControlRig_RoundedTriangle_3mm.uexp" 356
"../../../Engine/Plugins/Animation/ControlRig/Content/Controls/ControlRig_RoundedTriangle_1mm.ubulk" 357
"../../../Engine/Plugins/Animation/ControlRig/Content/Controls/ControlRig_RoundedTriangle_1mm.uasset" 358
"../../../Engine/Plugins/Animation/ControlRig/Content/Controls/ControlRig_RoundedTriangle_1mm.uexp" 359
"../../../Engine/Plugins/Animation/ControlRig/Content/Controls/ControlRig_RoundedSquare_solid.ubulk" 360
"../../../Engine/Plugins/Animation/ControlRig/Content/Controls/ControlRig_RoundedSquare_solid.uasset" 361
"../../../Engine/Plugins/Animation/ControlRig/Content/Controls/ControlRig_RoundedSquare_solid.uexp" 362
"../../../Engine/Plugins/Animation/ControlRig/Content/Controls/ControlRig_RoundedSquare_3mm.ubulk" 363
"../../../Engine/Plugins/Animation/ControlRig/Content/Controls/ControlRig_RoundedSquare_3mm.uasset" 364
"../../../Engine/Plugins/Animation/ControlRig/Content/Controls/ControlRig_RoundedSquare_3mm.uexp" 365
"../../../Engine/Plugins/Animation/ControlRig/Content/Controls/ControlRig_RoundedSquare_1mm.ubulk" 366
"../../../Engine/Plugins/Animation/ControlRig/Content/Controls/ControlRig_RoundedSquare_1mm.uasset" 367
"../../../Engine/Plugins/Animation/ControlRig/Content/Controls/ControlRig_RoundedSquare_1mm.uexp" 368
"../../../Engine/Plugins/Animation/ControlRig/Content/Controls/ControlRig_QuarterCircle_solid.ubulk" 369
"../../../Engine/Plugins/Animation/ControlRig/Content/Controls/ControlRig_QuarterCircle_solid.uasset" 370
"../../../Engine/Plugins/Animation/ControlRig/Content/Controls/ControlRig_QuarterCircle_solid.uexp" 371
"../../../Engine/Plugins/Animation/ControlRig/Content/Controls/ControlRig_QuarterCircle_3mm.ubulk" 372
"../../../Engine/Plugins/Animation/ControlRig/Content/Controls/ControlRig_QuarterCircle_3mm.uasset" 373
"../../../Engine/Plugins/Animation/ControlRig/Content/Controls/ControlRig_QuarterCircle_3mm.uexp" 374
"../../../Engine/Plugins/Animation/ControlRig/Content/Controls/ControlRig_QuarterCircle_1mm.ubulk" 375
"../../../Engine/Plugins/Animation/ControlRig/Content/Controls/ControlRig_QuarterCircle_1mm.uasset" 376
"../../../Engine/Plugins/Animation/ControlRig/Content/Controls/ControlRig_QuarterCircle_1mm.uexp" 377
"../../../Engine/Plugins/Animation/ControlRig/Content/Controls/ControlRig_Pyramid_solid.ubulk" 378
"../../../Engine/Plugins/Animation/ControlRig/Content/Controls/ControlRig_Pyramid_solid.uasset" 379
"../../../Engine/Plugins/Animation/ControlRig/Content/Controls/ControlRig_Pyramid_solid.uexp" 380
"../../../Engine/Plugins/Animation/ControlRig/Content/Controls/ControlRig_Pyramid_3mm.ubulk" 381
"../../../Engine/Plugins/Animation/ControlRig/Content/Controls/ControlRig_Pyramid_3mm.uasset" 382
"../../../Engine/Plugins/Animation/ControlRig/Content/Controls/ControlRig_Pyramid_3mm.uexp" 383
"../../../Engine/Plugins/Animation/ControlRig/Content/Controls/ControlRig_Pyramid_1mm.ubulk" 384
"../../../Engine/Plugins/Animation/ControlRig/Content/Controls/ControlRig_Pyramid_1mm.uasset" 385
"../../../Engine/Plugins/Animation/ControlRig/Content/Controls/ControlRig_Pyramid_1mm.uexp" 386
"../../../Engine/Plugins/Animation/ControlRig/Content/Controls/ControlRig_Octagon_solid.ubulk" 387
"../../../Engine/Plugins/Animation/ControlRig/Content/Controls/ControlRig_Octagon_solid.uasset" 388
"../../../Engine/Plugins/Animation/ControlRig/Content/Controls/ControlRig_Octagon_solid.uexp" 389
"../../../Engine/Plugins/Animation/ControlRig/Content/Controls/ControlRig_Octagon_3mm.ubulk" 390
"../../../Engine/Plugins/Animation/ControlRig/Content/Controls/ControlRig_Octagon_3mm.uasset" 391
"../../../Engine/Plugins/Animation/ControlRig/Content/Controls/ControlRig_Octagon_3mm.uexp" 392
"../../../Engine/Plugins/Animation/ControlRig/Content/Controls/ControlRig_Octagon_1mm.ubulk" 393
"../../../Engine/Plugins/Animation/ControlRig/Content/Controls/ControlRig_Octagon_1mm.uasset" 394
"../../../Engine/Plugins/Animation/ControlRig/Content/Controls/ControlRig_Octagon_1mm.uexp" 395
"../../../Engine/Plugins/Animation/ControlRig/Content/Controls/ControlRig_Hexagon_solid.ubulk" 396
"../../../Engine/Plugins/Animation/ControlRig/Content/Controls/ControlRig_Hexagon_solid.uasset" 397
"../../../Engine/Plugins/Animation/ControlRig/Content/Controls/ControlRig_Hexagon_solid.uexp" 398
"../../../Engine/Plugins/Animation/ControlRig/Content/Controls/ControlRig_Hexagon_3mm.ubulk" 399
"../../../Engine/Plugins/Animation/ControlRig/Content/Controls/ControlRig_Hexagon_3mm.uasset" 400
"../../../Engine/Plugins/Animation/ControlRig/Content/Controls/ControlRig_Hexagon_3mm.uexp" 401
"../../../Engine/Plugins/Animation/ControlRig/Content/Controls/ControlRig_Hexagon_1mm.ubulk" 402
"../../../Engine/Plugins/Animation/ControlRig/Content/Controls/ControlRig_Hexagon_1mm.uasset" 403
"../../../Engine/Plugins/Animation/ControlRig/Content/Controls/ControlRig_Hexagon_1mm.uexp" 404
"../../../Engine/Plugins/Animation/ControlRig/Content/Controls/ControlRig_HalfCircle_solid.ubulk" 405
"../../../Engine/Plugins/Animation/ControlRig/Content/Controls/ControlRig_HalfCircle_solid.uasset" 406
"../../../Engine/Plugins/Animation/ControlRig/Content/Controls/ControlRig_HalfCircle_solid.uexp" 407
"../../../Engine/Plugins/Animation/ControlRig/Content/Controls/ControlRig_HalfCircle_3mm.ubulk" 408
"../../../Engine/Plugins/Animation/ControlRig/Content/Controls/ControlRig_HalfCircle_3mm.uasset" 409
"../../../Engine/Plugins/Animation/ControlRig/Content/Controls/ControlRig_HalfCircle_3mm.uexp" 410
"../../../Engine/Plugins/Animation/ControlRig/Content/Controls/ControlRig_HalfCircle_1mm.ubulk" 411
"../../../Engine/Plugins/Animation/ControlRig/Content/Controls/ControlRig_HalfCircle_1mm.uasset" 412
"../../../Engine/Plugins/Animation/ControlRig/Content/Controls/ControlRig_HalfCircle_1mm.uexp" 413
"../../../Engine/Plugins/Animation/ControlRig/Content/Controls/ControlRig_Diamond_solid.ubulk" 414
"../../../Engine/Plugins/Animation/ControlRig/Content/Controls/ControlRig_Diamond_solid.uasset" 415
"../../../Engine/Plugins/Animation/ControlRig/Content/Controls/ControlRig_Diamond_solid.uexp" 416
"../../../Engine/Plugins/Animation/ControlRig/Content/Controls/ControlRig_Diamond_3mm.ubulk" 417
"../../../Engine/Plugins/Animation/ControlRig/Content/Controls/ControlRig_Diamond_3mm.uasset" 418
"../../../Engine/Plugins/Animation/ControlRig/Content/Controls/ControlRig_Diamond_3mm.uexp" 419
"../../../Engine/Plugins/Animation/ControlRig/Content/Controls/ControlRig_Diamond_1mm.ubulk" 420
"../../../Engine/Plugins/Animation/ControlRig/Content/Controls/ControlRig_Diamond_1mm.uasset" 421
"../../../Engine/Plugins/Animation/ControlRig/Content/Controls/ControlRig_Diamond_1mm.uexp" 422
"../../../Engine/Plugins/Animation/ControlRig/Content/Controls/ControlRig_Circle_solid.ubulk" 423
"../../../Engine/Plugins/Animation/ControlRig/Content/Controls/ControlRig_Circle_solid.uasset" 424
"../../../Engine/Plugins/Animation/ControlRig/Content/Controls/ControlRig_Circle_solid.uexp" 425
"../../../Engine/Plugins/Animation/ControlRig/Content/Controls/ControlRig_Circle_3mm.ubulk" 426
"../../../Engine/Plugins/Animation/ControlRig/Content/Controls/ControlRig_Circle_3mm.uasset" 427
"../../../Engine/Plugins/Animation/ControlRig/Content/Controls/ControlRig_Circle_3mm.uexp" 428
"../../../Engine/Plugins/Animation/ControlRig/Content/Controls/ControlRig_Circle_1mm.ubulk" 429
"../../../Engine/Plugins/Animation/ControlRig/Content/Controls/ControlRig_Circle_1mm.uasset" 430
"../../../Engine/Plugins/Animation/ControlRig/Content/Controls/ControlRig_Circle_1mm.uexp" 431
"../../../Engine/Plugins/Animation/ControlRig/Content/Controls/ControlRig_Box_solid.ubulk" 432
"../../../Engine/Plugins/Animation/ControlRig/Content/Controls/ControlRig_Box_solid.uasset" 433
"../../../Engine/Plugins/Animation/ControlRig/Content/Controls/ControlRig_Box_solid.uexp" 434
"../../../Engine/Plugins/Animation/ControlRig/Content/Controls/ControlRig_Box_3mm.ubulk" 435
"../../../Engine/Plugins/Animation/ControlRig/Content/Controls/ControlRig_Box_3mm.uasset" 436
"../../../Engine/Plugins/Animation/ControlRig/Content/Controls/ControlRig_Box_3mm.uexp" 437
"../../../Engine/Plugins/Animation/ControlRig/Content/Controls/ControlRig_Box_1mm.ubulk" 438
"../../../Engine/Plugins/Animation/ControlRig/Content/Controls/ControlRig_Box_1mm.uasset" 439
"../../../Engine/Plugins/Animation/ControlRig/Content/Controls/ControlRig_Box_1mm.uexp" 440
"../../../Engine/Plugins/Animation/ControlRig/Content/Controls/ControlRig_Arrow_solid.ubulk" 441
"../../../Engine/Plugins/Animation/ControlRig/Content/Controls/ControlRig_Arrow_solid.uasset" 442
"../../../Engine/Plugins/Animation/ControlRig/Content/Controls/ControlRig_Arrow_solid.uexp" 443
"../../../Engine/Plugins/Animation/ControlRig/Content/Controls/ControlRig_Arrow_3mm.ubulk" 444
"../../../Engine/Plugins/Animation/ControlRig/Content/Controls/ControlRig_Arrow_3mm.uasset" 445
"../../../Engine/Plugins/Animation/ControlRig/Content/Controls/ControlRig_Arrow_3mm.uexp" 446
"../../../Engine/Plugins/Animation/ControlRig/Content/Controls/ControlRig_Arrow_1mm.ubulk" 447
"../../../Engine/Plugins/Animation/ControlRig/Content/Controls/ControlRig_Arrow_1mm.uasset" 448
"../../../Engine/Plugins/Animation/ControlRig/Content/Controls/ControlRig_Arrow_1mm.uexp" 449
"../../../Engine/Plugins/Animation/ControlRig/Content/Controls/ControlRig_Arrow4_solid.ubulk" 450
"../../../Engine/Plugins/Animation/ControlRig/Content/Controls/ControlRig_Arrow4_solid.uasset" 451
"../../../Engine/Plugins/Animation/ControlRig/Content/Controls/ControlRig_Arrow4_solid.uexp" 452
"../../../Engine/Plugins/Animation/ControlRig/Content/Controls/ControlRig_Arrow4_3mm.ubulk" 453
"../../../Engine/Plugins/Animation/ControlRig/Content/Controls/ControlRig_Arrow4_3mm.uasset" 454
"../../../Engine/Plugins/Animation/ControlRig/Content/Controls/ControlRig_Arrow4_3mm.uexp" 455
"../../../Engine/Plugins/Animation/ControlRig/Content/Controls/ControlRig_Arrow4_1mm.ubulk" 456
"../../../Engine/Plugins/Animation/ControlRig/Content/Controls/ControlRig_Arrow4_1mm.uasset" 457
"../../../Engine/Plugins/Animation/ControlRig/Content/Controls/ControlRig_Arrow4_1mm.uexp" 458
"../../../Engine/Plugins/Animation/ControlRig/Content/Controls/ControlRig_Arrow2_solid.ubulk" 459
"../../../Engine/Plugins/Animation/ControlRig/Content/Controls/ControlRig_Arrow2_solid.uasset" 460
"../../../Engine/Plugins/Animation/ControlRig/Content/Controls/ControlRig_Arrow2_solid.uexp" 461
"../../../Engine/Plugins/Animation/ControlRig/Content/Controls/ControlRig_Arrow2_3mm.ubulk" 462
"../../../Engine/Plugins/Animation/ControlRig/Content/Controls/ControlRig_Arrow2_3mm.uasset" 463
"../../../Engine/Plugins/Animation/ControlRig/Content/Controls/ControlRig_Arrow2_3mm.uexp" 464
"../../../Engine/Plugins/Animation/ControlRig/Content/Controls/ControlRig_Arrow2_1mm.ubulk" 465
"../../../Engine/Plugins/Animation/ControlRig/Content/Controls/ControlRig_Arrow2_1mm.uasset" 466
"../../../Engine/Plugins/Animation/ControlRig/Content/Controls/ControlRig_Arrow2_1mm.uexp" 467
"../../../Engine/Plugins/Animation/ControlRig/Content/Controls/ControlRigXRayMaterial.uasset" 468
"../../../Engine/Plugins/Animation/ControlRig/Content/Controls/ControlRigXRayMaterial.uexp" 469
"../../../Engine/Plugins/Animation/ControlRig/Content/Controls/ControlRigGizmoMaterial.uasset" 470
"../../../Engine/Plugins/Animation/ControlRig/Content/Controls/ControlRigGizmoMaterial.uexp" 471
"../../../Engine/Content/VREditor/Sounds/UI/Drop_Item_From_ContentBrowser.ubulk" 472
"../../../Engine/Content/VREditor/Sounds/UI/Drop_Item_From_ContentBrowser.uasset" 473
"../../../Engine/Content/VREditor/Sounds/UI/Drop_Item_From_ContentBrowser.uexp" 474
"../../../Engine/Content/VREditor/LaserPointer/VR_LaserPower_01.ubulk" 475
"../../../Engine/Content/VREditor/LaserPointer/VR_LaserPower_01.uasset" 476
"../../../Engine/Content/VREditor/LaserPointer/VR_LaserPower_01.uexp" 477
"../../../Engine/Content/VREditor/TransformGizmo/TransformGizmoMaterial.uasset" 478
"../../../Engine/Content/VREditor/TransformGizmo/TransformGizmoMaterial.uexp" 479
"../../../Engine/Content/VREditor/TransformGizmo/TransformGizmoMaterial_Inst.uasset" 480
"../../../Engine/Content/VREditor/TransformGizmo/TransformGizmoMaterial_Inst.uexp" 481
"../../../Engine/Content/VREditor/TransformGizmo/TranslucentTransformGizmoMaterial.uasset" 482
"../../../Engine/Content/VREditor/TransformGizmo/TranslucentTransformGizmoMaterial.uexp" 483
"../../../Engine/Content/VREditor/TransformGizmo/TranslucentTransformGizmoMaterial_Inst.uasset" 484
"../../../Engine/Content/VREditor/TransformGizmo/TranslucentTransformGizmoMaterial_Inst.uexp" 485
"../../../Engine/Content/Functions/Engine_MaterialFunctions02/Math/Transform3x3Matrix.uasset" 486
"../../../Engine/Content/Functions/Engine_MaterialFunctions02/Math/Transform3x3Matrix.uexp" 487
"../../../Engine/Content/Functions/Engine_MaterialFunctions02/SplitComponents.uasset" 488
"../../../Engine/Content/Functions/Engine_MaterialFunctions02/SplitComponents.uexp" 489
"../../../Engine/Content/VREditor/SnapGrid/SnapGridMaterial.uasset" 490
"../../../Engine/Content/VREditor/SnapGrid/SnapGridMaterial.uexp" 491
"../../../Engine/Content/VREditor/SnapGrid/SnapGridPlaneMesh.ubulk" 492
"../../../Engine/Content/VREditor/SnapGrid/SnapGridPlaneMesh.uasset" 493
"../../../Engine/Content/VREditor/SnapGrid/SnapGridPlaneMesh.uexp" 494
"../../../Engine/Content/VREditor/Sounds/UI/Gizmo_Handle_Clicked.ubulk" 495
"../../../Engine/Content/VREditor/Sounds/UI/Gizmo_Handle_Clicked.uasset" 496
"../../../Engine/Content/VREditor/Sounds/UI/Gizmo_Handle_Clicked.uexp" 497
"../../../Engine/Content/VREditor/Sounds/UI/Object_PickUp.ubulk" 498
"../../../Engine/Content/VREditor/Sounds/UI/Object_PickUp.uasset" 499
"../../../Engine/Content/VREditor/Sounds/UI/Object_PickUp.uexp" 500
"../../../Engine/Content/VREditor/Sounds/UI/Object_Snaps_To_Another_Actor.ubulk" 501
"../../../Engine/Content/VREditor/Sounds/UI/Object_Snaps_To_Another_Actor.uasset" 502
"../../../Engine/Content/VREditor/Sounds/UI/Object_Snaps_To_Another_Actor.uexp" 503
"../../../Engine/Content/VREditor/Sounds/UI/Object_Snaps_To_Grid.ubulk" 504
"../../../Engine/Content/VREditor/Sounds/UI/Object_Snaps_To_Grid.uasset" 505
"../../../Engine/Content/VREditor/Sounds/UI/Object_Snaps_To_Grid.uexp" 506
"../../../Engine/Content/VREditor/Sounds/UI/Scaling_Down.ubulk" 507
"../../../Engine/Content/VREditor/Sounds/UI/Scaling_Down.uasset" 508
"../../../Engine/Content/VREditor/Sounds/UI/Scaling_Down.uexp" 509
"../../../Engine/Content/VREditor/Sounds/UI/Scaling_Up.ubulk" 510
"../../../Engine/Content/VREditor/Sounds/UI/Scaling_Up.uasset" 511
"../../../Engine/Content/VREditor/Sounds/UI/Scaling_Up.uexp" 512
"../../../Engine/Content/VREditor/Sounds/UI/Selection_Changes.ubulk" 513
"../../../Engine/Content/VREditor/Sounds/UI/Selection_Changes.uasset" 514
"../../../Engine/Content/VREditor/Sounds/UI/Selection_Changes.uexp" 515
"../../../Engine/Content/VREditor/TransformGizmo/PlaneTranslationHandle.ubulk" 516
"../../../Engine/Content/VREditor/TransformGizmo/PlaneTranslationHandle.uasset" 517
"../../../Engine/Content/VREditor/TransformGizmo/PlaneTranslationHandle.uexp" 518
"../../../Engine/Content/VREditor/TransformGizmo/RotationHandleFull.ubulk" 519
"../../../Engine/Content/VREditor/TransformGizmo/RotationHandleFull.uasset" 520
"../../../Engine/Content/VREditor/TransformGizmo/RotationHandleFull.uexp" 521
"../../../Engine/Content/VREditor/TransformGizmo/RotationHandleIndicator.ubulk" 522
"../../../Engine/Content/VREditor/TransformGizmo/RotationHandleIndicator.uasset" 523
"../../../Engine/Content/VREditor/TransformGizmo/RotationHandleIndicator.uexp" 524
"../../../Engine/Content/VREditor/TransformGizmo/RotationHandleQuarter.ubulk" 525
"../../../Engine/Content/VREditor/TransformGizmo/RotationHandleQuarter.uasset" 526
"../../../Engine/Content/VREditor/TransformGizmo/RotationHandleQuarter.uexp" 527
"../../../Engine/Content/VREditor/TransformGizmo/StartRotationHandleIndicator.ubulk" 528
"../../../Engine/Content/VREditor/TransformGizmo/StartRotationHandleIndicator.uasset" 529
"../../../Engine/Content/VREditor/TransformGizmo/StartRotationHandleIndicator.uexp" 530
"../../../Engine/Content/VREditor/TransformGizmo/TransformGizmoFreeRotation.ubulk" 531
"../../../Engine/Content/VREditor/TransformGizmo/TransformGizmoFreeRotation.uasset" 532
"../../../Engine/Content/VREditor/TransformGizmo/TransformGizmoFreeRotation.uexp" 533
"../../../Engine/Content/VREditor/TransformGizmo/TranslateArrowHandle.ubulk" 534
"../../../Engine/Content/VREditor/TransformGizmo/TranslateArrowHandle.uasset" 535
"../../../Engine/Content/VREditor/TransformGizmo/TranslateArrowHandle.uexp" 536
"../../../Engine/Content/VREditor/TransformGizmo/UniformScaleHandle.ubulk" 537
"../../../Engine/Content/VREditor/TransformGizmo/UniformScaleHandle.uasset" 538
"../../../Engine/Content/VREditor/TransformGizmo/UniformScaleHandle.uexp" 539
"../../../Engine/Content/MapTemplates/SM_Template_Map_Floor.ubulk" 540
"../../../Engine/Content/MapTemplates/SM_Template_Map_Floor.uasset" 541
"../../../Engine/Content/MapTemplates/SM_Template_Map_Floor.uexp" 542
"../../../Engine/Content/EngineSky/T_Sky_Stars.ubulk" 543
"../../../Engine/Content/EngineSky/T_Sky_Stars.uasset" 544
"../../../Engine/Content/EngineSky/T_Sky_Stars.uexp" 545
"../../../Engine/Content/EngineSky/T_Sky_Clouds_M.ubulk" 546
"../../../Engine/Content/EngineSky/T_Sky_Clouds_M.uasset" 547
"../../../Engine/Content/EngineSky/T_Sky_Clouds_M.uexp" 548
"../../../Engine/Content/EngineSky/T_Sky_Blue.ubulk" 549
"../../../Engine/Content/EngineSky/T_Sky_Blue.uasset" 550
"../../../Engine/Content/EngineSky/T_Sky_Blue.uexp" 551
"../../../Engine/Content/EngineSky/M_Sky_Panning_Clouds2.uasset" 552
"../../../Engine/Content/EngineSky/M_Sky_Panning_Clouds2.uexp" 553
"../../../Engine/Content/EngineSky/SM_SkySphere.ubulk" 554
"../../../Engine/Content/EngineSky/SM_SkySphere.uasset" 555
"../../../Engine/Content/EngineSky/SM_SkySphere.uexp" 556
"../../../Engine/Content/EngineResources/LandscapeVisibilityLayerInfo.uasset" 557
"../../../Engine/Content/EngineResources/LandscapeVisibilityLayerInfo.uexp" 558
"../../../Engine/Content/EngineMaterials/Widget3DPassThrough.uasset" 559
"../../../Engine/Content/EngineMaterials/Widget3DPassThrough.uexp" 560
"../../../Engine/Content/EngineMaterials/Widget3DPassThrough_Translucent.uasset" 561
"../../../Engine/Content/EngineMaterials/Widget3DPassThrough_Translucent.uexp" 562
"../../../Engine/Content/EngineMaterials/Widget3DPassThrough_Translucent_OneSided.uasset" 563
"../../../Engine/Content/EngineMaterials/Widget3DPassThrough_Translucent_OneSided.uexp" 564
"../../../Engine/Content/EngineMaterials/Widget3DPassThrough_Opaque.uasset" 565
"../../../Engine/Content/EngineMaterials/Widget3DPassThrough_Opaque.uexp" 566
"../../../Engine/Content/EngineMaterials/Widget3DPassThrough_Opaque_OneSided.uasset" 567
"../../../Engine/Content/EngineMaterials/Widget3DPassThrough_Opaque_OneSided.uexp" 568
"../../../Engine/Content/EngineMaterials/Widget3DPassThrough_Masked_OneSided.uasset" 569
"../../../Engine/Content/EngineMaterials/Widget3DPassThrough_Masked_OneSided.uexp" 570
"../../../Engine/Content/EngineMaterials/Widget3DPassThrough_Masked.uasset" 571
"../../../Engine/Content/EngineMaterials/Widget3DPassThrough_Masked.uexp" 572
"../../../Engine/Content/EngineMaterials/WeightMapPlaceholderTexture.uasset" 573
"../../../Engine/Content/EngineMaterials/WeightMapPlaceholderTexture.uexp" 574
"../../../Engine/Content/EngineMaterials/WeightMapArrayPlaceholderTexture.uasset" 575
"../../../Engine/Content/EngineMaterials/WeightMapArrayPlaceholderTexture.uexp" 576
"../../../Engine/Content/EngineMaterials/RemoveSurfaceMaterial.uasset" 577
"../../../Engine/Content/EngineMaterials/RemoveSurfaceMaterial.uexp" 578
"../../../Engine/Content/EngineMaterials/PreintegratedSkinBRDF.uasset" 579
"../../../Engine/Content/EngineMaterials/PreintegratedSkinBRDF.uexp" 580
"../../../Engine/Content/EngineMaterials/DefaultCalibrationGrayscale.uasset" 581
"../../../Engine/Content/EngineMaterials/DefaultCalibrationGrayscale.uexp" 582
"../../../Engine/Content/EngineMaterials/PPM_DefaultCalibrationGrayscale.uasset" 583
"../../../Engine/Content/EngineMaterials/PPM_DefaultCalibrationGrayscale.uexp" 584
"../../../Engine/Content/EngineMaterials/DefaultCalibrationColor.uasset" 585
"../../../Engine/Content/EngineMaterials/DefaultCalibrationColor.uexp" 586
"../../../Engine/Content/EngineMaterials/PPM_DefaultCalibrationColor.uasset" 587
"../../../Engine/Content/EngineMaterials/PPM_DefaultCalibrationColor.uexp" 588
"../../../Engine/Content/EngineMaterials/PhAT_JointLimitMaterial.uasset" 589
"../../../Engine/Content/EngineMaterials/PhAT_JointLimitMaterial.uexp" 590
"../../../Engine/Content/EngineMaterials/NaniteHiddenSectionMaterial.uasset" 591
"../../../Engine/Content/EngineMaterials/NaniteHiddenSectionMaterial.uexp" 592
"../../../Engine/Content/EngineMaterials/InvalidLightmapSettings.ubulk" 593
"../../../Engine/Content/EngineMaterials/InvalidLightmapSettings.uasset" 594
"../../../Engine/Content/EngineMaterials/InvalidLightmapSettings.uexp" 595
"../../../Engine/Content/EngineMaterials/M_InvalidLightmapSettings.uasset" 596
"../../../Engine/Content/EngineMaterials/M_InvalidLightmapSettings.uexp" 597
"../../../Engine/Content/EngineMaterials/MiniFont.uasset" 598
"../../../Engine/Content/EngineMaterials/MiniFont.uexp" 599
"../../../Engine/Content/EngineMaterials/GizmoMaterial.uasset" 600
"../../../Engine/Content/EngineMaterials/GizmoMaterial.uexp" 601
"../../../Engine/Content/EngineMaterials/BaseFlattenDiffuseMap_VT.ubulk" 602
"../../../Engine/Content/EngineMaterials/BaseFlattenDiffuseMap_VT.uasset" 603
"../../../Engine/Content/EngineMaterials/BaseFlattenDiffuseMap_VT.uexp" 604
"../../../Engine/Content/EngineMaterials/BaseFlattenEmissiveMap_VT.ubulk" 605
"../../../Engine/Content/EngineMaterials/BaseFlattenEmissiveMap_VT.uasset" 606
"../../../Engine/Content/EngineMaterials/BaseFlattenEmissiveMap_VT.uexp" 607
"../../../Engine/Content/EngineMaterials/BaseFlattenGrayscaleMap_VT.ubulk" 608
"../../../Engine/Content/EngineMaterials/BaseFlattenGrayscaleMap_VT.uasset" 609
"../../../Engine/Content/EngineMaterials/BaseFlattenGrayscaleMap_VT.uexp" 610
"../../../Engine/Content/EngineMaterials/BaseFlattenLinearColor_VT.ubulk" 611
"../../../Engine/Content/EngineMaterials/BaseFlattenLinearColor_VT.uasset" 612
"../../../Engine/Content/EngineMaterials/BaseFlattenLinearColor_VT.uexp" 613
"../../../Engine/Content/EngineMaterials/BaseFlattenNormalMap_VT.ubulk" 614
"../../../Engine/Content/EngineMaterials/BaseFlattenNormalMap_VT.uasset" 615
"../../../Engine/Content/EngineMaterials/BaseFlattenNormalMap_VT.uexp" 616
"../../../Engine/Content/EngineMaterials/Black_1x1_EXR_Texture_VT.ubulk" 617
"../../../Engine/Content/EngineMaterials/Black_1x1_EXR_Texture_VT.uasset" 618
"../../../Engine/Content/EngineMaterials/Black_1x1_EXR_Texture_VT.uexp" 619
"../../../Engine/Content/EngineMaterials/FlattenMaterial_WS_Normal_VT.uasset" 620
"../../../Engine/Content/EngineMaterials/FlattenMaterial_WS_Normal_VT.uexp" 621
"../../../Engine/Content/EngineMaterials/FlattenMaterial_VT.uasset" 622
"../../../Engine/Content/EngineMaterials/FlattenMaterial_VT.uexp" 623
"../../../Engine/Content/EngineMaterials/BaseFlattenLinearColor.uasset" 624
"../../../Engine/Content/EngineMaterials/BaseFlattenLinearColor.uexp" 625
"../../../Engine/Content/EngineMaterials/BaseFlattenNormalMap.uasset" 626
"../../../Engine/Content/EngineMaterials/BaseFlattenNormalMap.uexp" 627
"../../../Engine/Content/EngineMaterials/BaseFlattenDiffuseMap.uasset" 628
"../../../Engine/Content/EngineMaterials/BaseFlattenDiffuseMap.uexp" 629
"../../../Engine/Content/EngineMaterials/BaseFlattenEmissiveMap.uasset" 630
"../../../Engine/Content/EngineMaterials/BaseFlattenEmissiveMap.uexp" 631
"../../../Engine/Content/EngineMaterials/BaseFlattenGrayscaleMap.uasset" 632
"../../../Engine/Content/EngineMaterials/BaseFlattenGrayscaleMap.uexp" 633
"../../../Engine/Content/Functions/Engine_MaterialFunctions02/PivotPainter2/Black_1x1_EXR_Texture.uasset" 634
"../../../Engine/Content/Functions/Engine_MaterialFunctions02/PivotPainter2/Black_1x1_EXR_Texture.uexp" 635
"../../../Engine/Content/EngineMaterials/FlattenMaterial.uasset" 636
"../../../Engine/Content/EngineMaterials/FlattenMaterial.uexp" 637
"../../../Engine/Content/EngineMaterials/FastBlueNoise_vec2_128x128x64.uasset" 638
"../../../Engine/Content/EngineMaterials/FastBlueNoise_vec2_128x128x64.uexp" 639
"../../../Engine/Content/EngineMaterials/FastBlueNoise_scalar_128x128x8.uasset" 640
"../../../Engine/Content/EngineMaterials/FastBlueNoise_scalar_128x128x8.uexp" 641
"../../../Engine/Content/EngineMaterials/FastBlueNoise_scalar_128x128x64.uasset" 642
"../../../Engine/Content/EngineMaterials/FastBlueNoise_scalar_128x128x64.uexp" 643
"../../../Engine/Content/EngineMaterials/DefaultWhiteGrid_Low.uasset" 644
"../../../Engine/Content/EngineMaterials/DefaultWhiteGrid_Low.uexp" 645
"../../../Engine/Content/EngineMaterials/EmissiveMeshMaterial.uasset" 646
"../../../Engine/Content/EngineMaterials/EmissiveMeshMaterial.uexp" 647
"../../../Engine/Content/EngineMaterials/DefaultWhiteGrid.ubulk" 648
"../../../Engine/Content/EngineMaterials/DefaultWhiteGrid.uasset" 649
"../../../Engine/Content/EngineMaterials/DefaultWhiteGrid.uexp" 650
"../../../Engine/Content/EngineFonts/RobotoDistanceField.uasset" 651
"../../../Engine/Content/EngineFonts/RobotoDistanceField.uexp" 652
"../../../Engine/Content/EngineMaterials/DefaultTextMaterialOpaque.uasset" 653
"../../../Engine/Content/EngineMaterials/DefaultTextMaterialOpaque.uexp" 654
"../../../Engine/Content/EngineMaterials/DefaultPostProcessMaterial.uasset" 655
"../../../Engine/Content/EngineMaterials/DefaultPostProcessMaterial.uexp" 656
"../../../Engine/Content/EngineMaterials/DefaultLightFunctionMaterial.uasset" 657
"../../../Engine/Content/EngineMaterials/DefaultLightFunctionMaterial.uexp" 658
"../../../Engine/Content/EngineMaterials/DefaultDeferredDecalMaterial.uasset" 659
"../../../Engine/Content/EngineMaterials/DefaultDeferredDecalMaterial.uexp" 660
"../../../Engine/Content/EngineMaterials/DefaultBokeh.uasset" 661
"../../../Engine/Content/EngineMaterials/DefaultBokeh.uexp" 662
"../../../Engine/Content/EngineMaterials/DefaultBloomKernel.uasset" 663
"../../../Engine/Content/EngineMaterials/DefaultBloomKernel.uexp" 664
"../../../Engine/Content/Functions/Engine_MaterialFunctions02/Utility/CameraDirectionVector.uasset" 665
"../../../Engine/Content/Functions/Engine_MaterialFunctions02/Utility/CameraDirectionVector.uexp" 666
"../../../Engine/Content/EngineDebugMaterials/VolumeToRender.uasset" 667
"../../../Engine/Content/EngineDebugMaterials/VolumeToRender.uexp" 668
"../../../Engine/Content/EngineDebugMaterials/M_VolumeRenderSphereTracePP.uasset" 669
"../../../Engine/Content/EngineDebugMaterials/M_VolumeRenderSphereTracePP.uexp" 670
"../../../Engine/Content/EngineDebugMaterials/M_SimpleUnlitTranslucent.uasset" 671
"../../../Engine/Content/EngineDebugMaterials/M_SimpleUnlitTranslucent.uexp" 672
"../../../Engine/Content/EngineDebugMaterials/DebugMeshMaterial.uasset" 673
"../../../Engine/Content/EngineDebugMaterials/DebugMeshMaterial.uexp" 674
"../../../Engine/Content/EngineDebugMaterials/DebugEditorMaterial.uasset" 675
"../../../Engine/Content/EngineDebugMaterials/DebugEditorMaterial.uexp" 676
"../../../Engine/Content/EngineDamageTypes/DmgTypeBP_Environmental.uasset" 677
"../../../Engine/Content/EngineDamageTypes/DmgTypeBP_Environmental.uexp" 678
"../../../Engine/Content/EditorMeshes/Camera/SM_RailRig_Track.ubulk" 679
"../../../Engine/Content/EditorMeshes/Camera/SM_RailRig_Track.uasset" 680
"../../../Engine/Content/EditorMeshes/Camera/SM_RailRig_Track.uexp" 681
"../../../Engine/Content/EditorResources/S_Terrain.ubulk" 682
"../../../Engine/Content/EditorResources/S_Terrain.uasset" 683
"../../../Engine/Content/EditorResources/S_Terrain.uexp" 684
"../../../Engine/Content/EditorResources/BSPVertex.uasset" 685
"../../../Engine/Content/EditorResources/BSPVertex.uexp" 686
"../../../Engine/Plugins/Runtime/AudioWidgets/Content/Resources/ScrubHandleDown_Clamped.uasset" 687
"../../../Engine/Plugins/Runtime/AudioWidgets/Content/Resources/ScrubHandleDown_Clamped.uexp" 688
"../../../Engine/Plugins/Interchange/Assets/Content/Functions/MX_UsdPreviewSurface.uasset" 689
"../../../Engine/Plugins/Interchange/Assets/Content/Functions/MX_UsdPreviewSurface.uexp" 690
"../../../Engine/Plugins/Interchange/Assets/Content/Functions/MX_UniformEDF.uasset" 691
"../../../Engine/Plugins/Interchange/Assets/Content/Functions/MX_UniformEDF.uexp" 692
"../../../Engine/Plugins/Interchange/Assets/Content/Functions/MX_TranslucentBSDF.uasset" 693
"../../../Engine/Plugins/Interchange/Assets/Content/Functions/MX_TranslucentBSDF.uexp" 694
"../../../Engine/Plugins/Interchange/Assets/Content/Functions/MX_ThinFilmBSDF.uasset" 695
"../../../Engine/Plugins/Interchange/Assets/Content/Functions/MX_ThinFilmBSDF.uexp" 696
"../../../Engine/Plugins/Interchange/Assets/Content/Functions/MX_SurfaceUnlit.uasset" 697
"../../../Engine/Plugins/Interchange/Assets/Content/Functions/MX_SurfaceUnlit.uexp" 698
"../../../Engine/Plugins/Interchange/Assets/Content/Functions/MX_Surface.uasset" 699
"../../../Engine/Plugins/Interchange/Assets/Content/Functions/MX_Surface.uexp" 700
"../../../Engine/Plugins/Interchange/Assets/Content/Functions/MX_SubsurfaceBSDF.uasset" 701
"../../../Engine/Plugins/Interchange/Assets/Content/Functions/MX_SubsurfaceBSDF.uexp" 702
"../../../Engine/Plugins/Interchange/Assets/Content/Functions/MX_SheenBSDF.uasset" 703
"../../../Engine/Plugins/Interchange/Assets/Content/Functions/MX_SheenBSDF.uexp" 704
"../../../Engine/Plugins/Interchange/Assets/Content/Functions/MX_OrenNayarBSDF.uasset" 705
"../../../Engine/Plugins/Interchange/Assets/Content/Functions/MX_OrenNayarBSDF.uexp" 706
"../../../Engine/Plugins/Interchange/Assets/Content/Functions/MF_IridescenceNoLUT.uasset" 707
"../../../Engine/Plugins/Interchange/Assets/Content/Functions/MF_IridescenceNoLUT.uexp" 708
"../../../Engine/Plugins/Interchange/Assets/Content/Functions/MX_StandardSurface.uasset" 709
"../../../Engine/Plugins/Interchange/Assets/Content/Functions/MX_StandardSurface.uexp" 710
"../../../Engine/Plugins/Interchange/Assets/Content/Functions/MX_TransmissionSurface.uasset" 711
"../../../Engine/Plugins/Interchange/Assets/Content/Functions/MX_TransmissionSurface.uexp" 712
"../../../Engine/Plugins/Interchange/Assets/Content/Functions/MX_OpenPBR_Translucent.uasset" 713
"../../../Engine/Plugins/Interchange/Assets/Content/Functions/MX_OpenPBR_Translucent.uexp" 714
"../../../Engine/Plugins/Interchange/Assets/Content/Functions/MX_OpenPBR_Opaque.uasset" 715
"../../../Engine/Plugins/Interchange/Assets/Content/Functions/MX_OpenPBR_Opaque.uexp" 716
"../../../Engine/Plugins/Interchange/Assets/Content/Functions/MX_MeasuredEDF.uasset" 717
"../../../Engine/Plugins/Interchange/Assets/Content/Functions/MX_MeasuredEDF.uexp" 718
"../../../Engine/Plugins/Interchange/Assets/Content/Functions/MX_GeneralizedSchlickBSDF.uasset" 719
"../../../Engine/Plugins/Interchange/Assets/Content/Functions/MX_GeneralizedSchlickBSDF.uexp" 720
"../../../Engine/Plugins/Interchange/Assets/Content/Functions/MX_Displacement.uasset" 721
"../../../Engine/Plugins/Interchange/Assets/Content/Functions/MX_Displacement.uexp" 722
"../../../Engine/Plugins/Interchange/Assets/Content/Functions/MX_DielectricBSDF.uasset" 723
"../../../Engine/Plugins/Interchange/Assets/Content/Functions/MX_DielectricBSDF.uexp" 724
"../../../Engine/Plugins/Interchange/Assets/Content/Functions/MX_ConicalEDF.uasset" 725
"../../../Engine/Plugins/Interchange/Assets/Content/Functions/MX_ConicalEDF.uexp" 726
"../../../Engine/Plugins/Interchange/Assets/Content/Functions/MX_ConductorBSDF.uasset" 727
"../../../Engine/Plugins/Interchange/Assets/Content/Functions/MX_ConductorBSDF.uexp" 728
"../../../Engine/Plugins/Interchange/Assets/Content/Functions/MX_BurleyDiffuseBSDF.uasset" 729
"../../../Engine/Plugins/Interchange/Assets/Content/Functions/MX_BurleyDiffuseBSDF.uexp" 730
"../../../Engine/Plugins/Interchange/Assets/Content/Functions/MX_AnisotropicVDF.uasset" 731
"../../../Engine/Plugins/Interchange/Assets/Content/Functions/MX_AnisotropicVDF.uexp" 732
"../../../Engine/Plugins/Interchange/Assets/Content/Functions/MX_AbsorptionVDF.uasset" 733
"../../../Engine/Plugins/Interchange/Assets/Content/Functions/MX_AbsorptionVDF.uexp" 734
"../../../Engine/Content/EngineResources/FilmGrains/Marcie_Grain_v3_128_M2_000.uasset" 735
"../../../Engine/Content/EngineResources/FilmGrains/Marcie_Grain_v3_128_M2_000.uexp" 736
"../../../Engine/Content/EngineResources/Development/ZenLogo_64.uasset" 737
"../../../Engine/Content/EngineResources/Development/ZenLogo_64.uexp" 738
"../../../Engine/Content/EngineMaterials/LTC/Sheen_LTC.uasset" 739
"../../../Engine/Content/EngineMaterials/LTC/Sheen_LTC.uexp" 740
"../../../Engine/Content/EngineMaterials/LTC/GGX_LTCMat.uasset" 741
"../../../Engine/Content/EngineMaterials/LTC/GGX_LTCMat.uexp" 742
"../../../Engine/Content/EngineMaterials/LTC/GGX_LTCAmp.uasset" 743
"../../../Engine/Content/EngineMaterials/LTC/GGX_LTCAmp.uexp" 744
"../../../Engine/Content/EngineMaterials/EnergyConservation/Sheen_Energy.uasset" 745
"../../../Engine/Content/EngineMaterials/EnergyConservation/Sheen_Energy.uexp" 746
"../../../Engine/Content/EngineMaterials/EnergyConservation/SheenLegacy_Energy.uasset" 747
"../../../Engine/Content/EngineMaterials/EnergyConservation/SheenLegacy_Energy.uexp" 748
"../../../Engine/Content/EngineMaterials/EnergyConservation/GGX_TransmissionEnergyArray.uasset" 749
"../../../Engine/Content/EngineMaterials/EnergyConservation/GGX_TransmissionEnergyArray.uexp" 750
"../../../Engine/Content/EngineMaterials/EnergyConservation/GGX_ReflectionEnergy.uasset" 751
"../../../Engine/Content/EngineMaterials/EnergyConservation/GGX_ReflectionEnergy.uexp" 752
"../../../Engine/Content/EngineMaterials/EnergyConservation/Diffuse_Energy.uasset" 753
"../../../Engine/Content/EngineMaterials/EnergyConservation/Diffuse_Energy.uexp" 754
"../../../Engine/Content/EditorResources/SequenceRecorder/RecordingIndicator.uasset" 755
"../../../Engine/Content/EditorResources/SequenceRecorder/RecordingIndicator.uexp" 756
"../../../Engine/Content/EditorResources/SequenceRecorder/Countdown.uasset" 757
"../../../Engine/Content/EditorResources/SequenceRecorder/Countdown.uexp" 758
"../../../Engine/Content/EditorMeshes/Camera/SM_RailRig_Mount.ubulk" 759
"../../../Engine/Content/EditorMeshes/Camera/SM_RailRig_Mount.uasset" 760
"../../../Engine/Content/EditorMeshes/Camera/SM_RailRig_Mount.uexp" 761
"../../../Engine/Content/EditorMaterials/ParticleSystems/PSysThumbnail_OOD.ubulk" 762
"../../../Engine/Content/EditorMaterials/ParticleSystems/PSysThumbnail_OOD.uasset" 763
"../../../Engine/Content/EditorMaterials/ParticleSystems/PSysThumbnail_OOD.uexp" 764
"../../../Engine/Content/EditorMaterials/ParticleSystems/PSysThumbnail_NoImage.ubulk" 765
"../../../Engine/Content/EditorMaterials/ParticleSystems/PSysThumbnail_NoImage.uasset" 766
"../../../Engine/Content/EditorMaterials/ParticleSystems/PSysThumbnail_NoImage.uexp" 767
"../../../Engine/Plugins/Interchange/Assets/Content/gltf/Textures/T_White_srgb.uasset" 768
"../../../Engine/Plugins/Interchange/Assets/Content/gltf/Textures/T_White_srgb.uexp" 769
"../../../Engine/Plugins/Interchange/Assets/Content/gltf/MaterialFunctions/MF_BaseColor.uasset" 770
"../../../Engine/Plugins/Interchange/Assets/Content/gltf/MaterialFunctions/MF_BaseColor.uexp" 771
"../../../Engine/Plugins/Interchange/Assets/Content/gltf/MaterialFunctions/MF_RotateV2.uasset" 772
"../../../Engine/Plugins/Interchange/Assets/Content/gltf/MaterialFunctions/MF_RotateV2.uexp" 773
"../../../Engine/Plugins/Interchange/Assets/Content/gltf/MaterialFunctions/MF_TransformUVs.uasset" 774
"../../../Engine/Plugins/Interchange/Assets/Content/gltf/MaterialFunctions/MF_TransformUVs.uexp" 775
"../../../Engine/Plugins/Interchange/Assets/Content/gltf/MaterialBodies/MF_Unlit_Body.uasset" 776
"../../../Engine/Plugins/Interchange/Assets/Content/gltf/MaterialBodies/MF_Unlit_Body.uexp" 777
"../../../Engine/Plugins/Interchange/Assets/Content/gltf/M_Unlit.uasset" 778
"../../../Engine/Plugins/Interchange/Assets/Content/gltf/M_Unlit.uexp" 779
"../../../Engine/Plugins/Interchange/Assets/Content/gltf/MaterialInstances/MI_Unlit_Opaque_DS.uasset" 780
"../../../Engine/Plugins/Interchange/Assets/Content/gltf/MaterialInstances/MI_Unlit_Opaque_DS.uexp" 781
"../../../Engine/Plugins/Interchange/Assets/Content/gltf/MaterialInstances/MI_Unlit_Opaque.uasset" 782
"../../../Engine/Plugins/Interchange/Assets/Content/gltf/MaterialInstances/MI_Unlit_Opaque.uexp" 783
"../../../Engine/Plugins/Interchange/Assets/Content/gltf/MaterialInstances/MI_Unlit_Mask_DS.uasset" 784
"../../../Engine/Plugins/Interchange/Assets/Content/gltf/MaterialInstances/MI_Unlit_Mask_DS.uexp" 785
"../../../Engine/Plugins/Interchange/Assets/Content/gltf/MaterialInstances/MI_Unlit_Mask.uasset" 786
"../../../Engine/Plugins/Interchange/Assets/Content/gltf/MaterialInstances/MI_Unlit_Mask.uexp" 787
"../../../Engine/Plugins/Interchange/Assets/Content/gltf/MaterialInstances/MI_Unlit_Blend_DS.uasset" 788
"../../../Engine/Plugins/Interchange/Assets/Content/gltf/MaterialInstances/MI_Unlit_Blend_DS.uexp" 789
"../../../Engine/Plugins/Interchange/Assets/Content/gltf/MaterialInstances/MI_Unlit_Blend.uasset" 790
"../../../Engine/Plugins/Interchange/Assets/Content/gltf/MaterialInstances/MI_Unlit_Blend.uexp" 791
"../../../Engine/Content/EngineMaterials/Good64x64TilingNoiseHighFreq.uasset" 792
"../../../Engine/Content/EngineMaterials/Good64x64TilingNoiseHighFreq.uexp" 793
"../../../Engine/Content/Functions/Engine_MaterialFunctions02/Texturing/ScreenAlignedPixelToPixelUVs.uasset" 794
"../../../Engine/Content/Functions/Engine_MaterialFunctions02/Texturing/ScreenAlignedPixelToPixelUVs.uexp" 795
"../../../Engine/Plugins/Interchange/Assets/Content/Utilities/New_LUT.uasset" 796
"../../../Engine/Plugins/Interchange/Assets/Content/Utilities/New_LUT.uexp" 797
"../../../Engine/Content/Functions/Engine_MaterialFunctions03/Math/RemapValueRange.uasset" 798
"../../../Engine/Content/Functions/Engine_MaterialFunctions03/Math/RemapValueRange.uexp" 799
"../../../Engine/Plugins/Interchange/Assets/Content/Functions/MF_Iridescence.uasset" 800
"../../../Engine/Plugins/Interchange/Assets/Content/Functions/MF_Iridescence.uexp" 801
"../../../Engine/Plugins/Interchange/Assets/Content/gltf/MaterialFunctions/MF_Fresnel_DS.uasset" 802
"../../../Engine/Plugins/Interchange/Assets/Content/gltf/MaterialFunctions/MF_Fresnel_DS.uexp" 803
"../../../Engine/Plugins/Interchange/Assets/Content/gltf/MaterialFunctions/MF_IOR.uasset" 804
"../../../Engine/Plugins/Interchange/Assets/Content/gltf/MaterialFunctions/MF_IOR.uexp" 805
"../../../Engine/Plugins/Interchange/Assets/Content/gltf/MaterialFunctions/MF_Iridescence.uasset" 806
"../../../Engine/Plugins/Interchange/Assets/Content/gltf/MaterialFunctions/MF_Iridescence.uexp" 807
"../../../Engine/Plugins/Interchange/Assets/Content/gltf/Textures/T_White_Linear.uasset" 808
"../../../Engine/Plugins/Interchange/Assets/Content/gltf/Textures/T_White_Linear.uexp" 809
"../../../Engine/Plugins/Interchange/Assets/Content/gltf/MaterialFunctions/MF_MetallicRoughness.uasset" 810
"../../../Engine/Plugins/Interchange/Assets/Content/gltf/MaterialFunctions/MF_MetallicRoughness.uexp" 811
"../../../Engine/Plugins/Interchange/Assets/Content/gltf/MaterialFunctions/MF_RotateNormals_TS.uasset" 812
"../../../Engine/Plugins/Interchange/Assets/Content/gltf/MaterialFunctions/MF_RotateNormals_TS.uexp" 813
"../../../Engine/Plugins/Interchange/Assets/Content/gltf/MaterialFunctions/MF_ScaleNormal.uasset" 814
"../../../Engine/Plugins/Interchange/Assets/Content/gltf/MaterialFunctions/MF_ScaleNormal.uexp" 815
"../../../Engine/Plugins/Interchange/Assets/Content/gltf/Textures/T_Generic_N.uasset" 816
"../../../Engine/Plugins/Interchange/Assets/Content/gltf/Textures/T_Generic_N.uexp" 817
"../../../Engine/Plugins/Interchange/Assets/Content/gltf/MaterialFunctions/MF_Normals.uasset" 818
"../../../Engine/Plugins/Interchange/Assets/Content/gltf/MaterialFunctions/MF_Normals.uexp" 819
"../../../Engine/Plugins/Interchange/Assets/Content/gltf/MaterialFunctions/MF_Occlusion.uasset" 820
"../../../Engine/Plugins/Interchange/Assets/Content/gltf/MaterialFunctions/MF_Occlusion.uexp" 821
"../../../Engine/Plugins/Interchange/Assets/Content/gltf/MaterialFunctions/MF_Specular.uasset" 822
"../../../Engine/Plugins/Interchange/Assets/Content/gltf/MaterialFunctions/MF_Specular.uexp" 823
"../../../Engine/Plugins/Interchange/Assets/Content/gltf/Textures/T_Anisotropy_Direction_Linear.uasset" 824
"../../../Engine/Plugins/Interchange/Assets/Content/gltf/Textures/T_Anisotropy_Direction_Linear.uexp" 825
"../../../Engine/Plugins/Interchange/Assets/Content/gltf/MaterialFunctions/MF_SpecularAnisotropy.uasset" 826
"../../../Engine/Plugins/Interchange/Assets/Content/gltf/MaterialFunctions/MF_SpecularAnisotropy.uexp" 827
"../../../Engine/Plugins/Interchange/Assets/Content/gltf/MaterialFunctions/MF_Temporal_Blur.uasset" 828
"../../../Engine/Plugins/Interchange/Assets/Content/gltf/MaterialFunctions/MF_Temporal_Blur.uexp" 829
"../../../Engine/Plugins/Interchange/Assets/Content/gltf/MaterialFunctions/MF_Transmission.uasset" 830
"../../../Engine/Plugins/Interchange/Assets/Content/gltf/MaterialFunctions/MF_Transmission.uexp" 831
"../../../Engine/Plugins/Interchange/Assets/Content/gltf/MaterialBodies/MF_Transmission_Body.uasset" 832
"../../../Engine/Plugins/Interchange/Assets/Content/gltf/MaterialBodies/MF_Transmission_Body.uexp" 833
"../../../Engine/Plugins/Interchange/Assets/Content/gltf/M_Transmission.uasset" 834
"../../../Engine/Plugins/Interchange/Assets/Content/gltf/M_Transmission.uexp" 835
"../../../Engine/Plugins/Interchange/Assets/Content/gltf/MaterialInstances/MI_Transmission_DS.uasset" 836
"../../../Engine/Plugins/Interchange/Assets/Content/gltf/MaterialInstances/MI_Transmission_DS.uexp" 837
"../../../Engine/Plugins/Interchange/Assets/Content/gltf/MaterialInstances/MI_Transmission.uasset" 838
"../../../Engine/Plugins/Interchange/Assets/Content/gltf/MaterialInstances/MI_Transmission.uexp" 839
"../../../Engine/Content/Functions/Engine_MaterialFunctions02/Math/AddComponents.uasset" 840
"../../../Engine/Content/Functions/Engine_MaterialFunctions02/Math/AddComponents.uexp" 841
"../../../Engine/Plugins/Interchange/Assets/Content/gltf/MaterialFunctions/MF_DiffuseSpecGloss.uasset" 842
"../../../Engine/Plugins/Interchange/Assets/Content/gltf/MaterialFunctions/MF_DiffuseSpecGloss.uexp" 843
"../../../Engine/Plugins/Interchange/Assets/Content/gltf/MaterialFunctions/MF_Emissive.uasset" 844
"../../../Engine/Plugins/Interchange/Assets/Content/gltf/MaterialFunctions/MF_Emissive.uexp" 845
"../../../Engine/Plugins/Interchange/Assets/Content/gltf/MaterialFunctions/MF_MaxComponentValue.uasset" 846
"../../../Engine/Plugins/Interchange/Assets/Content/gltf/MaterialFunctions/MF_MaxComponentValue.uexp" 847
"../../../Engine/Plugins/Interchange/Assets/Content/gltf/MaterialFunctions/MF_PerceivedBrightness.uasset" 848
"../../../Engine/Plugins/Interchange/Assets/Content/gltf/MaterialFunctions/MF_PerceivedBrightness.uexp" 849
"../../../Engine/Plugins/Interchange/Assets/Content/gltf/MaterialFunctions/MF_SpecGlossToMetalRoughness.uasset" 850
"../../../Engine/Plugins/Interchange/Assets/Content/gltf/MaterialFunctions/MF_SpecGlossToMetalRoughness.uexp" 851
"../../../Engine/Plugins/Interchange/Assets/Content/gltf/MaterialBodies/MF_SpecularGlossiness_Body.uasset" 852
"../../../Engine/Plugins/Interchange/Assets/Content/gltf/MaterialBodies/MF_SpecularGlossiness_Body.uexp" 853
"../../../Engine/Plugins/Interchange/Assets/Content/gltf/M_SpecularGlossiness.uasset" 854
"../../../Engine/Plugins/Interchange/Assets/Content/gltf/M_SpecularGlossiness.uexp" 855
"../../../Engine/Plugins/Interchange/Assets/Content/gltf/MaterialInstances/MI_SpecularGlossiness_Opaque_DS.uasset" 856
"../../../Engine/Plugins/Interchange/Assets/Content/gltf/MaterialInstances/MI_SpecularGlossiness_Opaque_DS.uexp" 857
"../../../Engine/Plugins/Interchange/Assets/Content/gltf/MaterialInstances/MI_SpecularGlossiness_Opaque.uasset" 858
"../../../Engine/Plugins/Interchange/Assets/Content/gltf/MaterialInstances/MI_SpecularGlossiness_Opaque.uexp" 859
"../../../Engine/Plugins/Interchange/Assets/Content/gltf/MaterialInstances/MI_SpecularGlossiness_Mask_DS.uasset" 860
"../../../Engine/Plugins/Interchange/Assets/Content/gltf/MaterialInstances/MI_SpecularGlossiness_Mask_DS.uexp" 861
"../../../Engine/Plugins/Interchange/Assets/Content/gltf/MaterialInstances/MI_SpecularGlossiness_Mask.uasset" 862
"../../../Engine/Plugins/Interchange/Assets/Content/gltf/MaterialInstances/MI_SpecularGlossiness_Mask.uexp" 863
"../../../Engine/Plugins/Interchange/Assets/Content/gltf/MaterialInstances/MI_SpecularGlossiness_Blend_DS.uasset" 864
"../../../Engine/Plugins/Interchange/Assets/Content/gltf/MaterialInstances/MI_SpecularGlossiness_Blend_DS.uexp" 865
"../../../Engine/Plugins/Interchange/Assets/Content/gltf/MaterialInstances/MI_SpecularGlossiness_Blend.uasset" 866
"../../../Engine/Plugins/Interchange/Assets/Content/gltf/MaterialInstances/MI_SpecularGlossiness_Blend.uexp" 867
"../../../Engine/Plugins/Interchange/Assets/Content/gltf/MaterialFunctions/MF_Sheen.uasset" 868
"../../../Engine/Plugins/Interchange/Assets/Content/gltf/MaterialFunctions/MF_Sheen.uexp" 869
"../../../Engine/Plugins/Interchange/Assets/Content/gltf/MaterialBodies/MF_Sheen_Body.uasset" 870
"../../../Engine/Plugins/Interchange/Assets/Content/gltf/MaterialBodies/MF_Sheen_Body.uexp" 871
"../../../Engine/Plugins/Interchange/Assets/Content/gltf/M_Sheen.uasset" 872
"../../../Engine/Plugins/Interchange/Assets/Content/gltf/M_Sheen.uexp" 873
"../../../Engine/Plugins/Interchange/Assets/Content/gltf/MaterialInstances/MI_Sheen_Opaque_DS.uasset" 874
"../../../Engine/Plugins/Interchange/Assets/Content/gltf/MaterialInstances/MI_Sheen_Opaque_DS.uexp" 875
"../../../Engine/Plugins/Interchange/Assets/Content/gltf/MaterialInstances/MI_Sheen_Opaque.uasset" 876
"../../../Engine/Plugins/Interchange/Assets/Content/gltf/MaterialInstances/MI_Sheen_Opaque.uexp" 877
"../../../Engine/Plugins/Interchange/Assets/Content/gltf/MaterialInstances/MI_Sheen_Mask_DS.uasset" 878
"../../../Engine/Plugins/Interchange/Assets/Content/gltf/MaterialInstances/MI_Sheen_Mask_DS.uexp" 879
"../../../Engine/Plugins/Interchange/Assets/Content/gltf/MaterialInstances/MI_Sheen_Mask.uasset" 880
"../../../Engine/Plugins/Interchange/Assets/Content/gltf/MaterialInstances/MI_Sheen_Mask.uexp" 881
"../../../Engine/Plugins/Interchange/Assets/Content/gltf/MaterialInstances/MI_Sheen_Blend_DS.uasset" 882
"../../../Engine/Plugins/Interchange/Assets/Content/gltf/MaterialInstances/MI_Sheen_Blend_DS.uexp" 883
"../../../Engine/Plugins/Interchange/Assets/Content/gltf/MaterialInstances/MI_Sheen_Blend.uasset" 884
"../../../Engine/Plugins/Interchange/Assets/Content/gltf/MaterialInstances/MI_Sheen_Blend.uexp" 885
"../../../Engine/Plugins/Interchange/Assets/Content/gltf/MaterialBodies/MF_Default_Body.uasset" 886
"../../../Engine/Plugins/Interchange/Assets/Content/gltf/MaterialBodies/MF_Default_Body.uexp" 887
"../../../Engine/Plugins/Interchange/Assets/Content/gltf/M_Default.uasset" 888
"../../../Engine/Plugins/Interchange/Assets/Content/gltf/M_Default.uexp" 889
"../../../Engine/Plugins/Interchange/Assets/Content/gltf/MaterialInstances/MI_Default_Opaque_DS.uasset" 890
"../../../Engine/Plugins/Interchange/Assets/Content/gltf/MaterialInstances/MI_Default_Opaque_DS.uexp" 891
"../../../Engine/Plugins/Interchange/Assets/Content/gltf/MaterialInstances/MI_Default_Opaque.uasset" 892
"../../../Engine/Plugins/Interchange/Assets/Content/gltf/MaterialInstances/MI_Default_Opaque.uexp" 893
"../../../Engine/Plugins/Interchange/Assets/Content/gltf/MaterialInstances/MI_Default_Mask_DS.uasset" 894
"../../../Engine/Plugins/Interchange/Assets/Content/gltf/MaterialInstances/MI_Default_Mask_DS.uexp" 895
"../../../Engine/Plugins/Interchange/Assets/Content/gltf/MaterialInstances/MI_Default_Mask.uasset" 896
"../../../Engine/Plugins/Interchange/Assets/Content/gltf/MaterialInstances/MI_Default_Mask.uexp" 897
"../../../Engine/Plugins/Interchange/Assets/Content/gltf/MaterialInstances/MI_Default_Blend_DS.uasset" 898
"../../../Engine/Plugins/Interchange/Assets/Content/gltf/MaterialInstances/MI_Default_Blend_DS.uexp" 899
"../../../Engine/Plugins/Interchange/Assets/Content/gltf/MaterialInstances/MI_Default_Blend.uasset" 900
"../../../Engine/Plugins/Interchange/Assets/Content/gltf/MaterialInstances/MI_Default_Blend.uexp" 901
"../../../Engine/Plugins/Interchange/Assets/Content/gltf/MaterialFunctions/MF_Clearcoat.uasset" 902
"../../../Engine/Plugins/Interchange/Assets/Content/gltf/MaterialFunctions/MF_Clearcoat.uexp" 903
"../../../Engine/Plugins/Interchange/Assets/Content/gltf/MaterialBodies/MF_ClearCoat_Body.uasset" 904
"../../../Engine/Plugins/Interchange/Assets/Content/gltf/MaterialBodies/MF_ClearCoat_Body.uexp" 905
"../../../Engine/Plugins/Interchange/Assets/Content/gltf/M_ClearCoat.uasset" 906
"../../../Engine/Plugins/Interchange/Assets/Content/gltf/M_ClearCoat.uexp" 907
"../../../Engine/Plugins/Interchange/Assets/Content/gltf/MaterialInstances/MI_ClearCoat_Opaque_DS.uasset" 908
"../../../Engine/Plugins/Interchange/Assets/Content/gltf/MaterialInstances/MI_ClearCoat_Opaque_DS.uexp" 909
"../../../Engine/Plugins/Interchange/Assets/Content/gltf/MaterialInstances/MI_ClearCoat_Opaque.uasset" 910
"../../../Engine/Plugins/Interchange/Assets/Content/gltf/MaterialInstances/MI_ClearCoat_Opaque.uexp" 911
"../../../Engine/Plugins/Interchange/Assets/Content/gltf/MaterialInstances/MI_ClearCoat_Mask_DS.uasset" 912
"../../../Engine/Plugins/Interchange/Assets/Content/gltf/MaterialInstances/MI_ClearCoat_Mask_DS.uexp" 913
"../../../Engine/Plugins/Interchange/Assets/Content/gltf/MaterialInstances/MI_ClearCoat_Mask.uasset" 914
"../../../Engine/Plugins/Interchange/Assets/Content/gltf/MaterialInstances/MI_ClearCoat_Mask.uexp" 915
"../../../Engine/Plugins/Interchange/Assets/Content/gltf/MaterialInstances/MI_ClearCoat_Blend_DS.uasset" 916
"../../../Engine/Plugins/Interchange/Assets/Content/gltf/MaterialInstances/MI_ClearCoat_Blend_DS.uexp" 917
"../../../Engine/Plugins/Interchange/Assets/Content/gltf/MaterialInstances/MI_ClearCoat_Blend.uasset" 918
"../../../Engine/Plugins/Interchange/Assets/Content/gltf/MaterialInstances/MI_ClearCoat_Blend.uexp" 919
"../../../Engine/Content/VREditor/TransformGizmo/BoundingBoxEdge.ubulk" 920
"../../../Engine/Content/VREditor/TransformGizmo/BoundingBoxEdge.uasset" 921
"../../../Engine/Content/VREditor/TransformGizmo/BoundingBoxEdge.uexp" 922
"../../../Engine/Content/VREditor/TransformGizmo/BoundingBoxCorner.ubulk" 923
"../../../Engine/Content/VREditor/TransformGizmo/BoundingBoxCorner.uasset" 924
"../../../Engine/Content/VREditor/TransformGizmo/BoundingBoxCorner.uexp" 925
"C:/Users/eyimofe/Documents/Unreal Projects/Year 3/Overloaded/Content/TopDown/_GENERATED/eyimofe/Box_0803A488.ubulk" 926
"C:/Users/eyimofe/Documents/Unreal Projects/Year 3/Overloaded/Content/TopDown/_GENERATED/eyimofe/Box_0803A488.uasset" 927
"C:/Users/eyimofe/Documents/Unreal Projects/Year 3/Overloaded/Content/TopDown/_GENERATED/eyimofe/Box_0803A488.uexp" 928
"C:/Users/eyimofe/Documents/Unreal Projects/Year 3/Overloaded/Content/LevelPrototyping/Materials/M_FlatCol.uasset" 929
"C:/Users/eyimofe/Documents/Unreal Projects/Year 3/Overloaded/Content/LevelPrototyping/Materials/M_FlatCol.uexp" 930
"C:/Users/eyimofe/Documents/Unreal Projects/Year 3/Overloaded/Content/LevelPrototyping/Materials/MI_DefaultColorway.uasset" 931
"C:/Users/eyimofe/Documents/Unreal Projects/Year 3/Overloaded/Content/LevelPrototyping/Materials/MI_DefaultColorway.uexp" 932
"C:/Users/eyimofe/Documents/Unreal Projects/Year 3/Overloaded/Content/LevelPrototyping/Meshes/SM_ChamferCube.ubulk" 933
"C:/Users/eyimofe/Documents/Unreal Projects/Year 3/Overloaded/Content/LevelPrototyping/Meshes/SM_ChamferCube.uasset" 934
"C:/Users/eyimofe/Documents/Unreal Projects/Year 3/Overloaded/Content/LevelPrototyping/Meshes/SM_ChamferCube.uexp" 935
"C:/Users/eyimofe/Documents/Unreal Projects/Year 3/Overloaded/Content/Assets/My_Materials/M_Flat_Colour_Blue.uasset" 936
"C:/Users/eyimofe/Documents/Unreal Projects/Year 3/Overloaded/Content/Assets/My_Materials/M_Flat_Colour_Blue.uexp" 937
"C:/Users/eyimofe/Documents/Unreal Projects/Year 3/Overloaded/Content/Assets/Images/UpgradingIcon.uasset" 938
"C:/Users/eyimofe/Documents/Unreal Projects/Year 3/Overloaded/Content/Assets/Images/UpgradingIcon.uexp" 939
"C:/Users/eyimofe/Documents/Unreal Projects/Year 3/Overloaded/Content/Blueprints/Actors/Tower/BP_Towers.uasset" 940
"C:/Users/eyimofe/Documents/Unreal Projects/Year 3/Overloaded/Content/Blueprints/Actors/Tower/BP_Towers.uexp" 941
"C:/Users/eyimofe/Documents/Unreal Projects/Year 3/Overloaded/Content/Blueprints/Actors/Tower/BP_TowerSpawningManager.uasset" 942
"C:/Users/eyimofe/Documents/Unreal Projects/Year 3/Overloaded/Content/Blueprints/Actors/Tower/BP_TowerSpawningManager.uexp" 943
"C:/Users/eyimofe/Documents/Unreal Projects/Year 3/Overloaded/Content/Blueprints/Actors/Tower/BP_TowerBulletHandler.uasset" 944
"C:/Users/eyimofe/Documents/Unreal Projects/Year 3/Overloaded/Content/Blueprints/Actors/Tower/BP_TowerBulletHandler.uexp" 945
"C:/Users/eyimofe/Documents/Unreal Projects/Year 3/Overloaded/Content/Blueprints/Actors/OverloadChar/BP_PlayerMoneyManager.uasset" 946
"C:/Users/eyimofe/Documents/Unreal Projects/Year 3/Overloaded/Content/Blueprints/Actors/OverloadChar/BP_PlayerMoneyManager.uexp" 947
"C:/Users/eyimofe/Documents/Unreal Projects/Year 3/Overloaded/Content/Blueprints/Actors/Enemy/BP_EnemySplinePath.uasset" 948
"C:/Users/eyimofe/Documents/Unreal Projects/Year 3/Overloaded/Content/Blueprints/Actors/Enemy/BP_EnemySplinePath.uexp" 949
"../../../Engine/Content/BasicShapes/Sphere.ubulk" 950
"../../../Engine/Content/BasicShapes/Sphere.uasset" 951
"../../../Engine/Content/BasicShapes/Sphere.uexp" 952
"C:/Users/eyimofe/Documents/Unreal Projects/Year 3/Overloaded/Content/Assets/My_Materials/M_Flat_Colour_Red.uasset" 953
"C:/Users/eyimofe/Documents/Unreal Projects/Year 3/Overloaded/Content/Assets/My_Materials/M_Flat_Colour_Red.uexp" 954
"C:/Users/eyimofe/Documents/Unreal Projects/Year 3/Overloaded/Content/Blueprints/Actors/Enemy/BP_Enemy.uasset" 955
"C:/Users/eyimofe/Documents/Unreal Projects/Year 3/Overloaded/Content/Blueprints/Actors/Enemy/BP_Enemy.uexp" 956
"C:/Users/eyimofe/Documents/Unreal Projects/Year 3/Overloaded/Content/Blueprints/Actors/Enemy/BP_EnemySpawningManager.uasset" 957
"C:/Users/eyimofe/Documents/Unreal Projects/Year 3/Overloaded/Content/Blueprints/Actors/Enemy/BP_EnemySpawningManager.uexp" 958
"../../../Engine/Content/ArtTools/RenderToTexture/Meshes/S_1_Unit_Plane.ubulk" 959
"../../../Engine/Content/ArtTools/RenderToTexture/Meshes/S_1_Unit_Plane.uasset" 960
"../../../Engine/Content/ArtTools/RenderToTexture/Meshes/S_1_Unit_Plane.uexp" 961
"../../../Engine/Content/Functions/Engine_MaterialFunctions01/Shading/PowerToRoughness.uasset" 962
"../../../Engine/Content/Functions/Engine_MaterialFunctions01/Shading/PowerToRoughness.uexp" 963
"../../../Engine/Content/Functions/Engine_MaterialFunctions01/Shading/ConvertFromDiffSpec.uasset" 964
"../../../Engine/Content/Functions/Engine_MaterialFunctions01/Shading/ConvertFromDiffSpec.uexp" 965
"../../../Engine/Content/EngineMaterials/Substrate/Volume/SubstrateSimpleVolumeLUT3D.uasset" 966
"../../../Engine/Content/EngineMaterials/Substrate/Volume/SubstrateSimpleVolumeLUT3D.uexp" 967
"../../../Engine/Content/EngineMaterials/Substrate/Volume/SubstrateSimpleVolumeEnvLUT3D.uasset" 968
"../../../Engine/Content/EngineMaterials/Substrate/Volume/SubstrateSimpleVolumeEnvLUT3D.uexp" 969
"../../../Engine/Content/EngineMaterials/Substrate/Glints2/AGlintTex2dArray2.uasset" 970
"../../../Engine/Content/EngineMaterials/Substrate/Glints2/AGlintTex2dArray2.uexp" 971
"../../../Engine/Content/EngineMaterials/Substrate/GLints/AGlintTex2dArray.uasset" 972
"../../../Engine/Content/EngineMaterials/Substrate/GLints/AGlintTex2dArray.uexp" 973
"../../../Engine/Plugins/Fab/Content/MaterialFunctions/QMF_Tiling.uasset" 974
"../../../Engine/Plugins/Fab/Content/MaterialFunctions/QMF_Tiling.uexp" 975
"../../../Engine/Plugins/Fab/Content/MaterialFunctions/QMF_RoughnessAdjustments.uasset" 976
"../../../Engine/Plugins/Fab/Content/MaterialFunctions/QMF_RoughnessAdjustments.uexp" 977
"../../../Engine/Plugins/Fab/Content/MaterialFunctions/QMF_NormalAdjustments.uasset" 978
"../../../Engine/Plugins/Fab/Content/MaterialFunctions/QMF_NormalAdjustments.uexp" 979
"../../../Engine/Plugins/Fab/Content/MaterialFunctions/QMF_BaseColorAdjustments.uasset" 980
"../../../Engine/Plugins/Fab/Content/MaterialFunctions/QMF_BaseColorAdjustments.uexp" 981
"../../../Engine/Plugins/Fab/Content/MaterialFunctions/QMF_AOAdjustments.uasset" 982
"../../../Engine/Plugins/Fab/Content/MaterialFunctions/QMF_AOAdjustments.uexp" 983
"../../../Engine/Plugins/Fab/Content/Textures/Standard/T_DefaultNormal.uasset" 984
"../../../Engine/Plugins/Fab/Content/Textures/Standard/T_DefaultNormal.uexp" 985
"../../../Engine/Plugins/Fab/Content/Textures/Standard/T_DefaultMasks.uasset" 986
"../../../Engine/Plugins/Fab/Content/Textures/Standard/T_DefaultMasks.uexp" 987
"../../../Engine/Plugins/Fab/Content/Textures/Standard/T_DefaultDisplacement.uasset" 988
"../../../Engine/Plugins/Fab/Content/Textures/Standard/T_DefaultDisplacement.uexp" 989
"../../../Engine/Plugins/Fab/Content/Textures/Standard/T_DefaultColor.uasset" 990
"../../../Engine/Plugins/Fab/Content/Textures/Standard/T_DefaultColor.uexp" 991
"../../../Engine/Plugins/Fab/Content/Materials/Standard/M_MS_Srf.uasset" 992
"../../../Engine/Plugins/Fab/Content/Materials/Standard/M_MS_Srf.uexp" 993
"C:/Users/eyimofe/Documents/Unreal Projects/Year 3/Overloaded/Content/Fab/Megascans/Surfaces/Scratched_Polypropylene_Plastic_schbehmp/High/schbehmp_tier_1/Textures/T_schbehmp_4K_ORM.ubulk" 994
"C:/Users/eyimofe/Documents/Unreal Projects/Year 3/Overloaded/Content/Fab/Megascans/Surfaces/Scratched_Polypropylene_Plastic_schbehmp/High/schbehmp_tier_1/Textures/T_schbehmp_4K_ORM.uasset" 995
"C:/Users/eyimofe/Documents/Unreal Projects/Year 3/Overloaded/Content/Fab/Megascans/Surfaces/Scratched_Polypropylene_Plastic_schbehmp/High/schbehmp_tier_1/Textures/T_schbehmp_4K_ORM.uexp" 996
"C:/Users/eyimofe/Documents/Unreal Projects/Year 3/Overloaded/Content/Fab/Megascans/Surfaces/Scratched_Polypropylene_Plastic_schbehmp/High/schbehmp_tier_1/Textures/T_schbehmp_4K_N.ubulk" 997
"C:/Users/eyimofe/Documents/Unreal Projects/Year 3/Overloaded/Content/Fab/Megascans/Surfaces/Scratched_Polypropylene_Plastic_schbehmp/High/schbehmp_tier_1/Textures/T_schbehmp_4K_N.uasset" 998
"C:/Users/eyimofe/Documents/Unreal Projects/Year 3/Overloaded/Content/Fab/Megascans/Surfaces/Scratched_Polypropylene_Plastic_schbehmp/High/schbehmp_tier_1/Textures/T_schbehmp_4K_N.uexp" 999
"C:/Users/eyimofe/Documents/Unreal Projects/Year 3/Overloaded/Content/Fab/Megascans/Surfaces/Scratched_Polypropylene_Plastic_schbehmp/High/schbehmp_tier_1/Textures/T_schbehmp_4K_H.ubulk" 1000
"C:/Users/eyimofe/Documents/Unreal Projects/Year 3/Overloaded/Content/Fab/Megascans/Surfaces/Scratched_Polypropylene_Plastic_schbehmp/High/schbehmp_tier_1/Textures/T_schbehmp_4K_H.uasset" 1001
"C:/Users/eyimofe/Documents/Unreal Projects/Year 3/Overloaded/Content/Fab/Megascans/Surfaces/Scratched_Polypropylene_Plastic_schbehmp/High/schbehmp_tier_1/Textures/T_schbehmp_4K_H.uexp" 1002
"C:/Users/eyimofe/Documents/Unreal Projects/Year 3/Overloaded/Content/Fab/Megascans/Surfaces/Scratched_Polypropylene_Plastic_schbehmp/High/schbehmp_tier_1/Textures/T_schbehmp_4K_B.ubulk" 1003
"C:/Users/eyimofe/Documents/Unreal Projects/Year 3/Overloaded/Content/Fab/Megascans/Surfaces/Scratched_Polypropylene_Plastic_schbehmp/High/schbehmp_tier_1/Textures/T_schbehmp_4K_B.uasset" 1004
"C:/Users/eyimofe/Documents/Unreal Projects/Year 3/Overloaded/Content/Fab/Megascans/Surfaces/Scratched_Polypropylene_Plastic_schbehmp/High/schbehmp_tier_1/Textures/T_schbehmp_4K_B.uexp" 1005
"C:/Users/eyimofe/Documents/Unreal Projects/Year 3/Overloaded/Content/Fab/Megascans/Surfaces/Scratched_Polypropylene_Plastic_schbehmp/High/schbehmp_tier_1/Materials/MI_schbehmp.uasset" 1006
"C:/Users/eyimofe/Documents/Unreal Projects/Year 3/Overloaded/Content/Fab/Megascans/Surfaces/Scratched_Polypropylene_Plastic_schbehmp/High/schbehmp_tier_1/Materials/MI_schbehmp.uexp" 1007
"../../../Engine/Plugins/NNE/NNEDenoiser/Content/NNEDT_Oidn2-3_Balanced.uasset" 1008
"../../../Engine/Plugins/NNE/NNEDenoiser/Content/NNEDT_Oidn2-3_Balanced.uexp" 1009
"../../../Engine/Plugins/NNE/NNEDenoiser/Content/NNEDT_Oidn2-3_Balanced_Alpha.uasset" 1010
"../../../Engine/Plugins/NNE/NNEDenoiser/Content/NNEDT_Oidn2-3_Balanced_Alpha.uexp" 1011
"../../../Engine/Plugins/NNE/NNEDenoiser/Content/NNED_Oidn2-3_Balanced.uasset" 1012
"../../../Engine/Plugins/NNE/NNEDenoiser/Content/NNED_Oidn2-3_Balanced.uexp" 1013
"../../../Engine/Plugins/NNE/NNEDenoiser/Content/NNED_Oidn2-3_Balanced_Alpha.uasset" 1014
"../../../Engine/Plugins/NNE/NNEDenoiser/Content/NNED_Oidn2-3_Balanced_Alpha.uexp" 1015
"../../../Engine/Plugins/NNE/NNEDenoiser/Content/NNED_Oidn2-3_Fast.uasset" 1016
"../../../Engine/Plugins/NNE/NNEDenoiser/Content/NNED_Oidn2-3_Fast.uexp" 1017
"../../../Engine/Plugins/NNE/NNEDenoiser/Content/NNED_Oidn2-3_Fast_Alpha.uasset" 1018
"../../../Engine/Plugins/NNE/NNEDenoiser/Content/NNED_Oidn2-3_Fast_Alpha.uexp" 1019
"../../../Engine/Plugins/NNE/NNEDenoiser/Content/NNED_Oidn2-3_HighQuality.uasset" 1020
"../../../Engine/Plugins/NNE/NNEDenoiser/Content/NNED_Oidn2-3_HighQuality.uexp" 1021
"../../../Engine/Plugins/NNE/NNEDenoiser/Content/NNED_Oidn2-3_HighQuality_Alpha.uasset" 1022
"../../../Engine/Plugins/NNE/NNEDenoiser/Content/NNED_Oidn2-3_HighQuality_Alpha.uexp" 1023
"C:/Users/eyimofe/Documents/Unreal Projects/Year 3/Overloaded/Content/Assets/Fonts/Heavitas.uexp" 1024
"C:/Users/eyimofe/Documents/Unreal Projects/Year 3/Overloaded/Content/Assets/Fonts/Heavitas.uasset" 1025
"C:/Users/eyimofe/Documents/Unreal Projects/Year 3/Overloaded/Content/Assets/Fonts/Heavitas.ufont" 1026
"C:/Users/eyimofe/Documents/Unreal Projects/Year 3/Overloaded/Content/Assets/Fonts/Heavitas_Font.uasset" 1027
"C:/Users/eyimofe/Documents/Unreal Projects/Year 3/Overloaded/Content/Assets/Fonts/Heavitas_Font.uexp" 1028
"C:/Users/eyimofe/Documents/Unreal Projects/Year 3/Overloaded/Content/Blueprints/Actors/Camera/RenderTargets/FourthCameraView.uasset" 1029
"C:/Users/eyimofe/Documents/Unreal Projects/Year 3/Overloaded/Content/Blueprints/Actors/Camera/RenderTargets/FourthCameraView.uexp" 1030
"C:/Users/eyimofe/Documents/Unreal Projects/Year 3/Overloaded/Content/Blueprints/Actors/Camera/CamMaterials/M_FourthCamView.uasset" 1031
"C:/Users/eyimofe/Documents/Unreal Projects/Year 3/Overloaded/Content/Blueprints/Actors/Camera/CamMaterials/M_FourthCamView.uexp" 1032
"C:/Users/eyimofe/Documents/Unreal Projects/Year 3/Overloaded/Content/Blueprints/Actors/Camera/RenderTargets/MainCameraView.uasset" 1033
"C:/Users/eyimofe/Documents/Unreal Projects/Year 3/Overloaded/Content/Blueprints/Actors/Camera/RenderTargets/MainCameraView.uexp" 1034
"C:/Users/eyimofe/Documents/Unreal Projects/Year 3/Overloaded/Content/Blueprints/Actors/Camera/CamMaterials/M_MainCamView.uasset" 1035
"C:/Users/eyimofe/Documents/Unreal Projects/Year 3/Overloaded/Content/Blueprints/Actors/Camera/CamMaterials/M_MainCamView.uexp" 1036
"C:/Users/eyimofe/Documents/Unreal Projects/Year 3/Overloaded/Content/Blueprints/Actors/Camera/RenderTargets/SecondCameraView.uasset" 1037
"C:/Users/eyimofe/Documents/Unreal Projects/Year 3/Overloaded/Content/Blueprints/Actors/Camera/RenderTargets/SecondCameraView.uexp" 1038
"C:/Users/eyimofe/Documents/Unreal Projects/Year 3/Overloaded/Content/Blueprints/Actors/Camera/CamMaterials/M_SecondCamView.uasset" 1039
"C:/Users/eyimofe/Documents/Unreal Projects/Year 3/Overloaded/Content/Blueprints/Actors/Camera/CamMaterials/M_SecondCamView.uexp" 1040
"C:/Users/eyimofe/Documents/Unreal Projects/Year 3/Overloaded/Content/Blueprints/Actors/Camera/RenderTargets/ThirdCameraView.uasset" 1041
"C:/Users/eyimofe/Documents/Unreal Projects/Year 3/Overloaded/Content/Blueprints/Actors/Camera/RenderTargets/ThirdCameraView.uexp" 1042
"C:/Users/eyimofe/Documents/Unreal Projects/Year 3/Overloaded/Content/Blueprints/Actors/Camera/CamMaterials/M_ThirdCamView.uasset" 1043
"C:/Users/eyimofe/Documents/Unreal Projects/Year 3/Overloaded/Content/Blueprints/Actors/Camera/CamMaterials/M_ThirdCamView.uexp" 1044
"C:/Users/eyimofe/Documents/Unreal Projects/Year 3/Overloaded/Content/Blueprints/Widgets/WBP_MyCameraSwitchingUI.uasset" 1045
"C:/Users/eyimofe/Documents/Unreal Projects/Year 3/Overloaded/Content/Blueprints/Widgets/WBP_MyCameraSwitchingUI.uexp" 1046
"C:/Users/eyimofe/Documents/Unreal Projects/Year 3/Overloaded/Content/Blueprints/Actors/OverloadChar/BP_OverloadPlayerCharacter.uasset" 1047
"C:/Users/eyimofe/Documents/Unreal Projects/Year 3/Overloaded/Content/Blueprints/Actors/OverloadChar/BP_OverloadPlayerCharacter.uexp" 1048
"C:/Users/eyimofe/Documents/Unreal Projects/Year 3/Overloaded/Content/Blueprints/Actors/Tower/BP_TowerBullet.uasset" 1049
"C:/Users/eyimofe/Documents/Unreal Projects/Year 3/Overloaded/Content/Blueprints/Actors/Tower/BP_TowerBullet.uexp" 1050
"C:/Users/eyimofe/Documents/Unreal Projects/Year 3/Overloaded/Content/Blueprints/Widgets/WBP_WinScreenUI.uasset" 1051
"C:/Users/eyimofe/Documents/Unreal Projects/Year 3/Overloaded/Content/Blueprints/Widgets/WBP_WinScreenUI.uexp" 1052
"C:/Users/eyimofe/Documents/Unreal Projects/Year 3/Overloaded/Content/Blueprints/Widgets/WBP_TowerSelectUI.uasset" 1053
"C:/Users/eyimofe/Documents/Unreal Projects/Year 3/Overloaded/Content/Blueprints/Widgets/WBP_TowerSelectUI.uexp" 1054
"C:/Users/eyimofe/Documents/Unreal Projects/Year 3/Overloaded/Content/Blueprints/Widgets/WBP_PlayerBudgetUI.uasset" 1055
"C:/Users/eyimofe/Documents/Unreal Projects/Year 3/Overloaded/Content/Blueprints/Widgets/WBP_PlayerBudgetUI.uexp" 1056
"C:/Users/eyimofe/Documents/Unreal Projects/Year 3/Overloaded/Content/Blueprints/Widgets/WBP_EndScreenUI.uasset" 1057
"C:/Users/eyimofe/Documents/Unreal Projects/Year 3/Overloaded/Content/Blueprints/Widgets/WBP_EndScreenUI.uexp" 1058
"C:/Users/eyimofe/Documents/Unreal Projects/Year 3/Overloaded/Content/Blueprints/Actors/OverloadChar/Input/Actions/IA_LeftMouseButton.uasset" 1059
"C:/Users/eyimofe/Documents/Unreal Projects/Year 3/Overloaded/Content/Blueprints/Actors/OverloadChar/Input/Actions/IA_LeftMouseButton.uexp" 1060
"C:/Users/eyimofe/Documents/Unreal Projects/Year 3/Overloaded/Content/Blueprints/Actors/OverloadChar/Input/Actions/IA_ExitTowerSelect.uasset" 1061
"C:/Users/eyimofe/Documents/Unreal Projects/Year 3/Overloaded/Content/Blueprints/Actors/OverloadChar/Input/Actions/IA_ExitTowerSelect.uexp" 1062
"C:/Users/eyimofe/Documents/Unreal Projects/Year 3/Overloaded/Content/Blueprints/Actors/OverloadChar/Input/Actions/IA_PauseButton.uasset" 1063
"C:/Users/eyimofe/Documents/Unreal Projects/Year 3/Overloaded/Content/Blueprints/Actors/OverloadChar/Input/Actions/IA_PauseButton.uexp" 1064
"C:/Users/eyimofe/Documents/Unreal Projects/Year 3/Overloaded/Content/Blueprints/Actors/OverloadChar/Input/IMC_OverloadChar.uasset" 1065
"C:/Users/eyimofe/Documents/Unreal Projects/Year 3/Overloaded/Content/Blueprints/Actors/OverloadChar/Input/IMC_OverloadChar.uexp" 1066
"C:/Users/eyimofe/Documents/Unreal Projects/Year 3/Overloaded/Content/Blueprints/Actors/OverloadChar/PC_NewOverloadPlayerController.uasset" 1067
"C:/Users/eyimofe/Documents/Unreal Projects/Year 3/Overloaded/Content/Blueprints/Actors/OverloadChar/PC_NewOverloadPlayerController.uexp" 1068
"C:/Users/eyimofe/Documents/Unreal Projects/Year 3/Overloaded/Content/TopDown/Blueprints/BP_TopDownGameMode.uasset" 1069
"C:/Users/eyimofe/Documents/Unreal Projects/Year 3/Overloaded/Content/TopDown/Blueprints/BP_TopDownGameMode.uexp" 1070
"C:/Users/eyimofe/Documents/Unreal Projects/Year 3/Overloaded/Content/TopDown/Lvl_TopDown.uexp" 1071
"C:/Users/eyimofe/Documents/Unreal Projects/Year 3/Overloaded/Content/TopDown/Lvl_TopDown.umap" 1072
"../../../Engine/Content/Maps/Entry_BuiltData.uasset" 1073
"../../../Engine/Content/Maps/Entry_BuiltData.uexp" 1074
"../../../Engine/Content/Maps/Entry.uexp" 1075
"../../../Engine/Content/Maps/Entry.umap" 1076
"C:/Users/eyimofe/Documents/Unreal Projects/Year 3/Overloaded/Content/Movies/BackgroundMediaPlayer.uasset" 1077
"C:/Users/eyimofe/Documents/Unreal Projects/Year 3/Overloaded/Content/Movies/BackgroundMediaPlayer.uexp" 1078
"C:/Users/eyimofe/Documents/Unreal Projects/Year 3/Overloaded/Content/Blueprints/Widgets/MainMenu/WBP_MainMenuUI.uasset" 1079
"C:/Users/eyimofe/Documents/Unreal Projects/Year 3/Overloaded/Content/Blueprints/Widgets/MainMenu/WBP_MainMenuUI.uexp" 1080
"C:/Users/eyimofe/Documents/Unreal Projects/Year 3/Overloaded/Content/Blueprints/Widgets/MainMenu/PC_MainMenu.uasset" 1081
"C:/Users/eyimofe/Documents/Unreal Projects/Year 3/Overloaded/Content/Blueprints/Widgets/MainMenu/PC_MainMenu.uexp" 1082
"C:/Users/eyimofe/Documents/Unreal Projects/Year 3/Overloaded/Content/Blueprints/Widgets/MainMenu/GM_MainMenu.uasset" 1083
"C:/Users/eyimofe/Documents/Unreal Projects/Year 3/Overloaded/Content/Blueprints/Widgets/MainMenu/GM_MainMenu.uexp" 1084
"C:/Users/eyimofe/Documents/Unreal Projects/Year 3/Overloaded/Content/Blueprints/Widgets/MainMenu/MainMenuLevel.uexp" 1085
"C:/Users/eyimofe/Documents/Unreal Projects/Year 3/Overloaded/Content/Blueprints/Widgets/MainMenu/MainMenuLevel.umap" 1086
